Archive member included to satisfy reference by file (symbol)

/usr/lib/gcc/arm-none-eabi/14.2.0/thumb/v6-m/nofp/libgcc.a(_dvmd_tls.o)
                              CMakeFiles/harmonizer.dir/_deps/pico_sdk-src/src/rp2_common/pico_divider/divider_hardware.S.o (__aeabi_idiv0)
/usr/lib/gcc/arm-none-eabi/14.2.0/../../../../arm-none-eabi/lib/thumb/v6-m/nofp/libg.a(libc_a-atexit.o)
                              /usr/lib/gcc/arm-none-eabi/14.2.0/../../../../arm-none-eabi/lib/thumb/v6-m/nofp/crt0.o (atexit)
/usr/lib/gcc/arm-none-eabi/14.2.0/../../../../arm-none-eabi/lib/thumb/v6-m/nofp/libg.a(libc_a-calloc.o)
                              CMakeFiles/harmonizer.dir/_deps/pico_sdk-src/src/rp2_common/pico_malloc/malloc.c.o (calloc)
/usr/lib/gcc/arm-none-eabi/14.2.0/../../../../arm-none-eabi/lib/thumb/v6-m/nofp/libg.a(libc_a-callocr.o)
                              /usr/lib/gcc/arm-none-eabi/14.2.0/../../../../arm-none-eabi/lib/thumb/v6-m/nofp/libg.a(libc_a-calloc.o) (_calloc_r)
/usr/lib/gcc/arm-none-eabi/14.2.0/../../../../arm-none-eabi/lib/thumb/v6-m/nofp/libg.a(libc_a-malloc.o)
                              CMakeFiles/harmonizer.dir/_deps/pico_sdk-src/src/rp2_common/pico_malloc/malloc.c.o (malloc)
/usr/lib/gcc/arm-none-eabi/14.2.0/../../../../arm-none-eabi/lib/thumb/v6-m/nofp/libg.a(libc_a-mallocr.o)
                              /usr/lib/gcc/arm-none-eabi/14.2.0/../../../../arm-none-eabi/lib/thumb/v6-m/nofp/libg.a(libc_a-callocr.o) (_malloc_r)
/usr/lib/gcc/arm-none-eabi/14.2.0/../../../../arm-none-eabi/lib/thumb/v6-m/nofp/libg.a(libc_a-mlock.o)
                              /usr/lib/gcc/arm-none-eabi/14.2.0/../../../../arm-none-eabi/lib/thumb/v6-m/nofp/libg.a(libc_a-mallocr.o) (__malloc_lock)
/usr/lib/gcc/arm-none-eabi/14.2.0/../../../../arm-none-eabi/lib/thumb/v6-m/nofp/libg.a(libc_a-realloc.o)
                              CMakeFiles/harmonizer.dir/_deps/pico_sdk-src/src/rp2_common/pico_malloc/malloc.c.o (realloc)
/usr/lib/gcc/arm-none-eabi/14.2.0/../../../../arm-none-eabi/lib/thumb/v6-m/nofp/libg.a(libc_a-reallocr.o)
                              /usr/lib/gcc/arm-none-eabi/14.2.0/../../../../arm-none-eabi/lib/thumb/v6-m/nofp/libg.a(libc_a-realloc.o) (_realloc_r)
/usr/lib/gcc/arm-none-eabi/14.2.0/../../../../arm-none-eabi/lib/thumb/v6-m/nofp/libg.a(libc_a-memcmp.o)
                              CMakeFiles/harmonizer.dir/_deps/pico_sdk-src/src/rp2_common/pico_atomic/atomic.c.o (memcmp)
/usr/lib/gcc/arm-none-eabi/14.2.0/../../../../arm-none-eabi/lib/thumb/v6-m/nofp/libg.a(libc_a-memmove.o)
                              /usr/lib/gcc/arm-none-eabi/14.2.0/../../../../arm-none-eabi/lib/thumb/v6-m/nofp/libg.a(libc_a-reallocr.o) (memmove)
/usr/lib/gcc/arm-none-eabi/14.2.0/../../../../arm-none-eabi/lib/thumb/v6-m/nofp/libg.a(libc_a-lcltime_r.o)
                              CMakeFiles/harmonizer.dir/_deps/pico_sdk-src/src/common/pico_util/datetime.c.o (localtime_r)
/usr/lib/gcc/arm-none-eabi/14.2.0/../../../../arm-none-eabi/lib/thumb/v6-m/nofp/libg.a(libc_a-mktime.o)
                              CMakeFiles/harmonizer.dir/_deps/pico_sdk-src/src/common/pico_util/datetime.c.o (mktime)
/usr/lib/gcc/arm-none-eabi/14.2.0/../../../../arm-none-eabi/lib/thumb/v6-m/nofp/libg.a(libc_a-month_lengths.o)
                              /usr/lib/gcc/arm-none-eabi/14.2.0/../../../../arm-none-eabi/lib/thumb/v6-m/nofp/libg.a(libc_a-lcltime_r.o) (__month_lengths)
/usr/lib/gcc/arm-none-eabi/14.2.0/../../../../arm-none-eabi/lib/thumb/v6-m/nofp/libg.a(libc_a-tzcalc_limits.o)
                              /usr/lib/gcc/arm-none-eabi/14.2.0/../../../../arm-none-eabi/lib/thumb/v6-m/nofp/libg.a(libc_a-lcltime_r.o) (__tzcalc_limits)
/usr/lib/gcc/arm-none-eabi/14.2.0/../../../../arm-none-eabi/lib/thumb/v6-m/nofp/libg.a(libc_a-tzlock.o)
                              /usr/lib/gcc/arm-none-eabi/14.2.0/../../../../arm-none-eabi/lib/thumb/v6-m/nofp/libg.a(libc_a-lcltime_r.o) (__tz_lock)
/usr/lib/gcc/arm-none-eabi/14.2.0/../../../../arm-none-eabi/lib/thumb/v6-m/nofp/libg.a(libc_a-tzset.o)
                              /usr/lib/gcc/arm-none-eabi/14.2.0/../../../../arm-none-eabi/lib/thumb/v6-m/nofp/libg.a(libc_a-lcltime_r.o) (_tzset_unlocked)
/usr/lib/gcc/arm-none-eabi/14.2.0/../../../../arm-none-eabi/lib/thumb/v6-m/nofp/libg.a(libc_a-tzset_r.o)
                              /usr/lib/gcc/arm-none-eabi/14.2.0/../../../../arm-none-eabi/lib/thumb/v6-m/nofp/libg.a(libc_a-tzset.o) (_tzset_unlocked_r)
/usr/lib/gcc/arm-none-eabi/14.2.0/../../../../arm-none-eabi/lib/thumb/v6-m/nofp/libg.a(libc_a-tzvars.o)
                              /usr/lib/gcc/arm-none-eabi/14.2.0/../../../../arm-none-eabi/lib/thumb/v6-m/nofp/libg.a(libc_a-tzset_r.o) (_timezone)
/usr/lib/gcc/arm-none-eabi/14.2.0/../../../../arm-none-eabi/lib/thumb/v6-m/nofp/libg.a(libc_a-impure.o)
                              /usr/lib/gcc/arm-none-eabi/14.2.0/../../../../arm-none-eabi/lib/thumb/v6-m/nofp/libg.a(libc_a-calloc.o) (_impure_ptr)
[...]
Memory Configuration

Name             Origin             Length             Attributes
FLASH            0x10000000         0x00200000         xr
RAM              0x20000000         0x00040000         xrw
SCRATCH_X        0x20040000         0x00001000         xrw
SCRATCH_Y        0x20041000         0x00001000         xrw
*default*        0x00000000         0xffffffff

Linker script and memory map

LOAD /usr/lib/gcc/arm-none-eabi/14.2.0/thumb/v6-m/nofp/crti.o
LOAD /usr/lib/gcc/arm-none-eabi/14.2.0/thumb/v6-m/nofp/crtbegin.o
LOAD /usr/lib/gcc/arm-none-eabi/14.2.0/../../../../arm-none-eabi/lib/thumb/v6-m/nofp/crt0.o

.flash_begin    0x10000000        0x0
                0x10000000                        __flash_binary_start = .

.boot2          0x10000000      0x100
                0x10000000                        __boot2_start__ = .
 *(.boot2)
 .boot2         0x10000000      0x100 pico-sdk/src/rp2040/boot_stage2/CMakeFiles/bs2_default_library.dir/bs2_default_padded_checksummed.S.o
                0x10000100                        __boot2_end__ = .
                0x00000001                        ASSERT (((__boot2_end__ - __boot2_start__) == 0x100), ERROR: Pico second stage bootloader must be 256 bytes in size)

.text           0x10000100     0x3900
                0x10000100                        __logical_binary_start = .
 *(.vectors)
 .vectors       0x10000100       0xd4 CMakeFiles/harmonizer.dir/_deps/pico_sdk-src/src/rp2_common/pico_crt0/crt0.S.o
                0x10000100                __vectors
                0x10000100                __VECTOR_TABLE
                0x100001c0                isr_irq30
                0x100001c0                __unhandled_user_irq
                0x100001c0                isr_irq13
                0x100001c0                isr_irq27
                0x100001c0                isr_irq31
                0x100001c0                isr_irq5
                0x100001c0                isr_irq11
                0x100001c0                isr_irq23
                0x100001c0                isr_irq18
                0x100001c0                isr_irq28
                0x100001c0                isr_irq19
                0x100001c0                isr_irq0
                0x100001c0                isr_irq6
                0x100001c0                isr_irq22
                0x100001c0                isr_irq17
                0x100001c0                isr_irq14
                0x100001c0                __vectors_end
                0x100001c0                __default_isrs_start
                0x100001c0                isr_irq2
                0x100001c0                isr_irq10
                0x100001c0                isr_irq8
                0x100001c0                isr_irq24
                0x100001c0                isr_irq1
                0x100001c0                isr_irq7
                0x100001c0                isr_irq21
                0x100001c0                isr_irq20
                0x100001c0                isr_irq15
                0x100001c0                isr_irq25
                0x100001c0                isr_irq4
                0x100001c0                isr_irq16
                0x100001c0                isr_irq29
                0x100001c0                isr_irq26
                0x100001c0                isr_irq3
                0x100001c0                isr_irq12
                0x100001c0                isr_irq9
                0x100001c6                unhandled_user_irq_num_in_r0
                0x100001c8                isr_invalid
                0x100001ca                isr_nmi
                0x100001cc                isr_hardfault
                0x100001ce                isr_svcall
                0x100001d0                isr_pendsv
                0x100001d2                isr_systick
                0x100001d4                __default_isrs_end
 *(.binary_info_header)
 .binary_info_header
                0x100001d4       0x14 CMakeFiles/harmonizer.dir/_deps/pico_sdk-src/src/rp2_common/pico_crt0/crt0.S.o
                0x100001e8                        __binary_info_header_end = .
 *(.embedded_block)
                0x100001e8                        __embedded_block_end = .
 *(.reset)
 .reset         0x100001e8       0x9c CMakeFiles/harmonizer.dir/_deps/pico_sdk-src/src/rp2_common/pico_crt0/crt0.S.o
                0x100001e8                _entry_point
 *(.init)
 .init          0x10000284        0x4 /usr/lib/gcc/arm-none-eabi/14.2.0/thumb/v6-m/nofp/crti.o
                0x10000284                _init
 *(EXCLUDE_FILE(*libm.a: *libc.a:*lib_a-mem*.o *libgcc.a:) .text*)
 .text.frame_dummy
                0x10000288       0x20 /usr/lib/gcc/arm-none-eabi/14.2.0/thumb/v6-m/nofp/crtbegin.o
 .text._ZN12ComputerCard11OnCVPWMWrapEv
                0x100002a8       0x6c CMakeFiles/harmonizer.dir/main.cpp.o
                0x100002a8                ComputerCard::OnCVPWMWrap()
 .text._ZN18SimplePitchShifter13ProcessSampleEv
                0x10000314      0x218 CMakeFiles/harmonizer.dir/main.cpp.o
                0x10000314                SimplePitchShifter::ProcessSample()
 .text._ZN12ComputerCard13AudioCallbackEv
                0x1000052c       0x10 CMakeFiles/harmonizer.dir/main.cpp.o
                0x1000052c                ComputerCard::AudioCallback()
 .text._ZN12ComputerCard20ProbeHardwareVersionEv
                0x1000053c       0xc0 CMakeFiles/harmonizer.dir/main.cpp.o
                0x1000053c                ComputerCard::ProbeHardwareVersion()
 .text._ZN12ComputerCard13CalcCalCoeffsEi
                0x100005fc      0x49c CMakeFiles/harmonizer.dir/main.cpp.o
                0x100005fc                ComputerCard::CalcCalCoeffs(int)
 .text._ZN12ComputerCard10ReadEEPROMEv
                0x10000a98      0x404 CMakeFiles/harmonizer.dir/main.cpp.o
                0x10000a98                ComputerCard::ReadEEPROM()
 .text._ZN12ComputerCardC2Ev
                0x10000e9c      0x53c CMakeFiles/harmonizer.dir/main.cpp.o
                0x10000e9c                ComputerCard::ComputerCard()
                0x10000e9c                ComputerCard::ComputerCard()
 .text.startup.main
                0x100013d8       0x70 CMakeFiles/harmonizer.dir/main.cpp.o
                0x100013d8                main
 .text.gpio_set_function
                0x10001448       0x34 CMakeFiles/harmonizer.dir/_deps/pico_sdk-src/src/rp2_common/hardware_gpio/gpio.c.o
                0x10001448                gpio_set_function
 .text.gpio_set_pulls
                0x1000147c       0x28 CMakeFiles/harmonizer.dir/_deps/pico_sdk-src/src/rp2_common/hardware_gpio/gpio.c.o
                0x1000147c                gpio_set_pulls
 .text.gpio_set_input_enabled
                0x100014a4       0x28 CMakeFiles/harmonizer.dir/_deps/pico_sdk-src/src/rp2_common/hardware_gpio/gpio.c.o
                0x100014a4                gpio_set_input_enabled
 .text.gpio_init
                0x100014cc       0x40 CMakeFiles/harmonizer.dir/_deps/pico_sdk-src/src/rp2_common/hardware_gpio/gpio.c.o
                0x100014cc                gpio_init
 .text.panic    0x1000150c       0x30 CMakeFiles/harmonizer.dir/_deps/pico_sdk-src/src/rp2_common/pico_platform_panic/panic.c.o
                0x1000150c                panic
 .text.hw_claim_or_assert
                0x1000153c       0x44 CMakeFiles/harmonizer.dir/_deps/pico_sdk-src/src/common/hardware_claim/claim.c.o
                0x1000153c                hw_claim_or_assert
 .text.hw_claim_unused_from_range
                0x10001580      0x1e4 CMakeFiles/harmonizer.dir/_deps/pico_sdk-src/src/common/hardware_claim/claim.c.o
                0x10001580                hw_claim_unused_from_range
 .text.next_striped_spin_lock_num
                0x10001764       0x18 CMakeFiles/harmonizer.dir/_deps/pico_sdk-src/src/rp2_common/hardware_sync/sync.c.o
                0x10001764                next_striped_spin_lock_num
 .text.spin_locks_reset
                0x1000177c       0x48 CMakeFiles/harmonizer.dir/_deps/pico_sdk-src/src/rp2_common/hardware_sync_spin_lock/sync_spin_lock.c.o
                0x1000177c                spin_locks_reset
 .text.runtime_init_per_core_irq_priorities
                0x100017c4       0x24 CMakeFiles/harmonizer.dir/_deps/pico_sdk-src/src/rp2_common/hardware_irq/irq.c.o
                0x100017c4                runtime_init_per_core_irq_priorities
 .text.irq_set_enabled
                0x100017e8       0x24 CMakeFiles/harmonizer.dir/_deps/pico_sdk-src/src/rp2_common/hardware_irq/irq.c.o
                0x100017e8                irq_set_enabled
 .text.irq_set_exclusive_handler
                0x1000180c       0x54 CMakeFiles/harmonizer.dir/_deps/pico_sdk-src/src/rp2_common/hardware_irq/irq.c.o
                0x1000180c                irq_set_exclusive_handler
 .text.irq_remove_handler
                0x10001860      0x1d0 CMakeFiles/harmonizer.dir/_deps/pico_sdk-src/src/rp2_common/hardware_irq/irq.c.o
                0x10001860                irq_remove_handler
 .text.irq_set_priority
                0x10001a30       0x28 CMakeFiles/harmonizer.dir/_deps/pico_sdk-src/src/rp2_common/hardware_irq/irq.c.o
                0x10001a30                irq_set_priority
 .text.irq_add_tail_to_free_list
                0x10001a58       0xb4 CMakeFiles/harmonizer.dir/_deps/pico_sdk-src/src/rp2_common/hardware_irq/irq.c.o
                0x10001a58                irq_add_tail_to_free_list
 .text.lock_init
                0x10001b0c       0x10 CMakeFiles/harmonizer.dir/_deps/pico_sdk-src/src/common/pico_sync/lock_core.c.o
                0x10001b0c                lock_init
 .text.runtime_init_mutex
                0x10001b1c       0x50 CMakeFiles/harmonizer.dir/_deps/pico_sdk-src/src/common/pico_sync/mutex.c.o
                0x10001b1c                runtime_init_mutex
 .text.sleep_until_callback
                0x10001b6c       0x30 CMakeFiles/harmonizer.dir/_deps/pico_sdk-src/src/common/pico_time/time.c.o
 .text.alarm_pool_irq_handler
                0x10001b9c      0x2f0 CMakeFiles/harmonizer.dir/_deps/pico_sdk-src/src/common/pico_time/time.c.o
 .text.runtime_init_default_alarm_pool
                0x10001e8c       0xdc CMakeFiles/harmonizer.dir/_deps/pico_sdk-src/src/common/pico_time/time.c.o
                0x10001e8c                runtime_init_default_alarm_pool
 .text.alarm_pool_add_alarm_at_force_in_context
                0x10001f68       0xb0 CMakeFiles/harmonizer.dir/_deps/pico_sdk-src/src/common/pico_time/time.c.o
                0x10001f68                alarm_pool_add_alarm_at_force_in_context
 .text.alarm_pool_cancel_alarm
                0x10002018       0x74 CMakeFiles/harmonizer.dir/_deps/pico_sdk-src/src/common/pico_time/time.c.o
                0x10002018                alarm_pool_cancel_alarm
 .text.sleep_until
                0x1000208c       0xd0 CMakeFiles/harmonizer.dir/_deps/pico_sdk-src/src/common/pico_time/time.c.o
                0x1000208c                sleep_until
 .text.sleep_us
                0x1000215c       0x24 CMakeFiles/harmonizer.dir/_deps/pico_sdk-src/src/common/pico_time/time.c.o
                0x1000215c                sleep_us
 .text.best_effort_wfe_or_timeout
                0x10002180      0x10c CMakeFiles/harmonizer.dir/_deps/pico_sdk-src/src/common/pico_time/time.c.o
                0x10002180                best_effort_wfe_or_timeout
 .text.timer_hardware_alarm_claim
                0x1000228c       0x14 CMakeFiles/harmonizer.dir/_deps/pico_sdk-src/src/rp2_common/hardware_timer/timer.c.o
                0x1000228c                timer_hardware_alarm_claim
 .text.timer_time_us_64
                0x100022a0       0x10 CMakeFiles/harmonizer.dir/_deps/pico_sdk-src/src/rp2_common/hardware_timer/timer.c.o
                0x100022a0                timer_time_us_64
 .text.time_us_64
                0x100022b0       0x14 CMakeFiles/harmonizer.dir/_deps/pico_sdk-src/src/rp2_common/hardware_timer/timer.c.o
                0x100022b0                time_us_64
 .text.busy_wait_until
                0x100022c4       0x20 CMakeFiles/harmonizer.dir/_deps/pico_sdk-src/src/rp2_common/hardware_timer/timer.c.o
                0x100022c4                busy_wait_until
 .text.clock_configure_internal
                0x100022e4       0xe4 CMakeFiles/harmonizer.dir/_deps/pico_sdk-src/src/rp2_common/hardware_clocks/clocks.c.o
 .text.clock_configure_int_divider
                0x100023c8       0x28 CMakeFiles/harmonizer.dir/_deps/pico_sdk-src/src/rp2_common/hardware_clocks/clocks.c.o
                0x100023c8                clock_configure_int_divider
 .text.clock_configure_undivided
                0x100023f0       0x14 CMakeFiles/harmonizer.dir/_deps/pico_sdk-src/src/rp2_common/hardware_clocks/clocks.c.o
                0x100023f0                clock_configure_undivided
 .text.clock_get_hz
                0x10002404        0xc CMakeFiles/harmonizer.dir/_deps/pico_sdk-src/src/rp2_common/hardware_clocks/clocks.c.o
                0x10002404                clock_get_hz
 .text.pll_init
                0x10002410       0xa4 CMakeFiles/harmonizer.dir/_deps/pico_sdk-src/src/rp2_common/hardware_pll/pll.c.o
                0x10002410                pll_init
 .text.tick_start
                0x100024b4       0x10 CMakeFiles/harmonizer.dir/_deps/pico_sdk-src/src/rp2_common/hardware_ticks/ticks.c.o
                0x100024b4                tick_start
 .text.rom_func_lookup
                0x100024c4       0x10 CMakeFiles/harmonizer.dir/_deps/pico_sdk-src/src/rp2_common/pico_bootrom/bootrom.c.o
                0x100024c4                rom_func_lookup
 .text.rom_data_lookup
                0x100024d4       0x10 CMakeFiles/harmonizer.dir/_deps/pico_sdk-src/src/rp2_common/pico_bootrom/bootrom.c.o
                0x100024d4                rom_data_lookup
 .text.rom_funcs_lookup
                0x100024e4       0xd8 CMakeFiles/harmonizer.dir/_deps/pico_sdk-src/src/rp2_common/pico_bootrom/bootrom.c.o
                0x100024e4                rom_funcs_lookup
 .text.xosc_init
                0x100025bc       0x28 CMakeFiles/harmonizer.dir/_deps/pico_sdk-src/src/rp2_common/hardware_xosc/xosc.c.o
                0x100025bc                xosc_init
 .text.first_per_core_initializer
                0x100025e4        0x4 CMakeFiles/harmonizer.dir/_deps/pico_sdk-src/src/rp2_common/pico_runtime/runtime.c.o
 .text.hard_assertion_failure
                0x100025e8        0xc CMakeFiles/harmonizer.dir/_deps/pico_sdk-src/src/rp2_common/pico_runtime/runtime.c.o
                0x100025e8                hard_assertion_failure
 .text.runtime_run_initializers
                0x100025f4       0xa0 CMakeFiles/harmonizer.dir/_deps/pico_sdk-src/src/rp2_common/pico_runtime/runtime.c.o
                0x100025f4                runtime_run_initializers
 .text.runtime_init_early_resets
                0x10002694       0x2c CMakeFiles/harmonizer.dir/_deps/pico_sdk-src/src/rp2_common/pico_runtime_init/runtime_init.c.o
                0x10002694                runtime_init_early_resets
 .text.runtime_init_usb_power_down
                0x100026c0       0x1c CMakeFiles/harmonizer.dir/_deps/pico_sdk-src/src/rp2_common/pico_runtime_init/runtime_init.c.o
                0x100026c0                runtime_init_usb_power_down
 .text.runtime_init_post_clock_resets
                0x100026dc       0x20 CMakeFiles/harmonizer.dir/_deps/pico_sdk-src/src/rp2_common/pico_runtime_init/runtime_init.c.o
                0x100026dc                runtime_init_post_clock_resets
 .text.runtime_init_rp2040_gpio_ie_disable
                0x100026fc       0x14 CMakeFiles/harmonizer.dir/_deps/pico_sdk-src/src/rp2_common/pico_runtime_init/runtime_init.c.o
                0x100026fc                runtime_init_rp2040_gpio_ie_disable
 .text.runtime_init_spin_locks_reset
                0x10002710        0x8 CMakeFiles/harmonizer.dir/_deps/pico_sdk-src/src/rp2_common/pico_runtime_init/runtime_init.c.o
                0x10002710                runtime_init_spin_locks_reset
 .text.runtime_init_install_ram_vector_table
                0x10002718       0xa0 CMakeFiles/harmonizer.dir/_deps/pico_sdk-src/src/rp2_common/pico_runtime_init/runtime_init.c.o
                0x10002718                runtime_init_install_ram_vector_table
 .text.runtime_init_clocks
                0x100027b8       0xd8 CMakeFiles/harmonizer.dir/_deps/pico_sdk-src/src/rp2_common/pico_runtime_init/runtime_init_clocks.c.o
                0x100027b8                runtime_init_clocks
 .text          0x10002890       0x10 CMakeFiles/harmonizer.dir/_deps/pico_sdk-src/src/rp2_common/pico_bit_ops/bit_ops_aeabi.S.o
 .text.__wrap___aeabi_idiv
                0x100028a0       0x50 CMakeFiles/harmonizer.dir/_deps/pico_sdk-src/src/rp2_common/pico_divider/divider_hardware.S.o
                0x100028a0                __wrap___aeabi_idivmod
                0x100028a0                divmod_s32s32
                0x100028a0                div_s32s32
                0x100028a0                __wrap___aeabi_idiv
                0x100028a8                divmod_s32s32_unsafe
                0x100028d4                divmod_s32s32_savestate
 .text.__wrap___aeabi_uidiv
                0x100028f0       0x4c CMakeFiles/harmonizer.dir/_deps/pico_sdk-src/src/rp2_common/pico_divider/divider_hardware.S.o
                0x100028f0                __wrap___aeabi_uidiv
                0x100028f0                __wrap___aeabi_uidivmod
                0x100028f0                div_u32u32
                0x100028f0                divmod_u32u32
                0x100028f8                divmod_u32u32_unsafe
                0x10002920                divmod_u32u32_savestate
 .text.__aeabi_double_init
                0x1000293c       0x84 CMakeFiles/harmonizer.dir/_deps/pico_sdk-src/src/rp2_common/pico_double/double_init_rom_rp2040.c.o
                0x1000293c                __aeabi_double_init
 .text.double_table_shim_on_use_helper
                0x100029c0       0x2c CMakeFiles/harmonizer.dir/_deps/pico_sdk-src/src/rp2_common/pico_double/double_v1_rom_shim_rp2040.S.o
                0x100029c0                double_table_shim_on_use_helper
 .text.__aeabi_lmul
                0x100029ec       0x32 CMakeFiles/harmonizer.dir/_deps/pico_sdk-src/src/rp2_common/pico_int64_ops/pico_int64_ops_aeabi.S.o
                0x100029ec                __wrap___aeabi_lmul
 *fill*         0x10002a1e        0x2 
 .text.__wrap___aeabi_farithmetic
                0x10002a20       0x48 CMakeFiles/harmonizer.dir/_deps/pico_sdk-src/src/rp2_common/pico_float/float_aeabi_rp2040.S.o
                0x10002a20                __wrap___aeabi_frsub
                0x10002a26                __wrap___aeabi_fsub
                0x10002a2c                __wrap___aeabi_fadd
                0x10002a32                __wrap___aeabi_fdiv
                0x10002a5a                __wrap___aeabi_fmul
 .text.__wrap___aeabi_cfcmple
                0x10002a68       0x50 CMakeFiles/harmonizer.dir/_deps/pico_sdk-src/src/rp2_common/pico_float/float_aeabi_rp2040.S.o
                0x10002a68                __wrap___aeabi_cfrcmple
                0x10002a74                __wrap___aeabi_cfcmpeq
                0x10002a74                __wrap___aeabi_cfcmple
 .text.__wrap___aeabi_fcmpeq
                0x10002ab8       0x10 CMakeFiles/harmonizer.dir/_deps/pico_sdk-src/src/rp2_common/pico_float/float_aeabi_rp2040.S.o
                0x10002ab8                __wrap___aeabi_fcmpeq
 .text.__wrap___aeabi_i2f
                0x10002ac8       0x44 CMakeFiles/harmonizer.dir/_deps/pico_sdk-src/src/rp2_common/pico_float/float_aeabi_rp2040.S.o
                0x10002ac8                int2float
                0x10002ac8                __wrap___aeabi_i2f
 .text.__wrap___aeabi_f2iz
                0x10002b0c       0x4e CMakeFiles/harmonizer.dir/_deps/pico_sdk-src/src/rp2_common/pico_float/float_aeabi_rp2040.S.o
                0x10002b0c                __wrap___aeabi_f2iz
                0x10002b0c                float2int_z
 *fill*         0x10002b5a        0x2 
 .text.float2int
                0x10002b5c       0x14 CMakeFiles/harmonizer.dir/_deps/pico_sdk-src/src/rp2_common/pico_float/float_aeabi_rp2040.S.o
                0x10002b5c                float2int
 .text.__wrap___aeabi_f2uiz
                0x10002b70        0xc CMakeFiles/harmonizer.dir/_deps/pico_sdk-src/src/rp2_common/pico_float/float_aeabi_rp2040.S.o
                0x10002b70                float2uint
                0x10002b70                float2uint_z
                0x10002b70                __wrap___aeabi_f2uiz
 .text.__aeabi_float_init
                0x10002b7c       0x64 CMakeFiles/harmonizer.dir/_deps/pico_sdk-src/src/rp2_common/pico_float/float_init_rom_rp2040.c.o
                0x10002b7c                __aeabi_float_init
 .text.float_table_shim_on_use_helper
                0x10002be0       0x2c CMakeFiles/harmonizer.dir/_deps/pico_sdk-src/src/rp2_common/pico_float/float_v1_rom_shim_rp2040.S.o
                0x10002be0                float_table_shim_on_use_helper
 .text.float232_shims
                0x10002c0c       0x18 CMakeFiles/harmonizer.dir/_deps/pico_sdk-src/src/rp2_common/pico_float/float_v1_rom_shim_rp2040.S.o
                0x10002c0c                float2int_shim
                0x10002c0e                float2fix_shim
 .text          0x10002c24       0x10 CMakeFiles/harmonizer.dir/_deps/pico_sdk-src/src/rp2_common/pico_mem_ops/mem_ops_aeabi.S.o
                0x10002c24                __aeabi_mem_init
 .text.memset   0x10002c34        0xc CMakeFiles/harmonizer.dir/_deps/pico_sdk-src/src/rp2_common/pico_mem_ops/mem_ops_aeabi.S.o
                0x10002c34                __wrap_memset
 .text.memcpy   0x10002c40        0xc CMakeFiles/harmonizer.dir/_deps/pico_sdk-src/src/rp2_common/pico_mem_ops/mem_ops_aeabi.S.o
                0x10002c40                __wrap___aeabi_memcpy
                0x10002c40                __wrap_memcpy
 .text._out_char
                0x10002c4c       0x10 CMakeFiles/harmonizer.dir/_deps/pico_sdk-src/src/rp2_common/pico_printf/printf.c.o
 .text.weak_raw_vprintf
                0x10002c5c       0x30 CMakeFiles/harmonizer.dir/_deps/pico_sdk-src/src/rp2_common/pico_printf/printf.c.o
                0x10002c5c                weak_raw_vprintf
 .text._exit    0x10002c8c        0x4 CMakeFiles/harmonizer.dir/_deps/pico_sdk-src/src/rp2_common/pico_clib_interface/newlib_interface.c.o
                0x10002c8c                _exit
 .text.exit     0x10002c90        0x8 CMakeFiles/harmonizer.dir/_deps/pico_sdk-src/src/rp2_common/pico_clib_interface/newlib_interface.c.o
                0x10002c90                exit
 .text.runtime_init
                0x10002c98       0xa4 CMakeFiles/harmonizer.dir/_deps/pico_sdk-src/src/rp2_common/pico_clib_interface/newlib_interface.c.o
                0x10002c98                runtime_init
 .text.stdio_out_chars_no_crlf
                0x10002d3c       0x10 CMakeFiles/harmonizer.dir/_deps/pico_sdk-src/src/rp2_common/pico_stdio/stdio.c.o
 .text.stdio_out_chars_crlf
                0x10002d4c      0x248 CMakeFiles/harmonizer.dir/_deps/pico_sdk-src/src/rp2_common/pico_stdio/stdio.c.o
 .text.stdio_put_string
                0x10002f94       0xd0 CMakeFiles/harmonizer.dir/_deps/pico_sdk-src/src/rp2_common/pico_stdio/stdio.c.o
                0x10002f94                stdio_put_string
 .text.__wrap_putchar
                0x10003064       0x1c CMakeFiles/harmonizer.dir/_deps/pico_sdk-src/src/rp2_common/pico_stdio/stdio.c.o
                0x10003064                stdio_putchar
                0x10003064                __wrap_putchar
 .text.__wrap_puts
                0x10003080       0x34 CMakeFiles/harmonizer.dir/_deps/pico_sdk-src/src/rp2_common/pico_stdio/stdio.c.o
                0x10003080                __wrap_puts
                0x10003080                stdio_puts
 .text.startup._retrieve_unique_id_on_boot
                0x100030b4       0x10 CMakeFiles/harmonizer.dir/_deps/pico_sdk-src/src/rp2_common/pico_unique_id/unique_id.c.o
 .text.flash_get_unique_id
                0x100030c4       0x3c CMakeFiles/harmonizer.dir/_deps/pico_sdk-src/src/rp2_common/hardware_flash/flash.c.o
                0x100030c4                flash_get_unique_id
 .text.adc_init
                0x10003100       0x38 CMakeFiles/harmonizer.dir/_deps/pico_sdk-src/src/rp2_common/hardware_adc/adc.c.o
                0x10003100                adc_init
 .text.dma_claim_unused_channel
                0x10003138       0x20 CMakeFiles/harmonizer.dir/_deps/pico_sdk-src/src/rp2_common/hardware_dma/dma.c.o
                0x10003138                dma_claim_unused_channel
 .text.dma_channel_cleanup
                0x10003158       0x64 CMakeFiles/harmonizer.dir/_deps/pico_sdk-src/src/rp2_common/hardware_dma/dma.c.o
                0x10003158                dma_channel_cleanup
 .text.spi_set_baudrate
                0x100031bc      0x214 CMakeFiles/harmonizer.dir/_deps/pico_sdk-src/src/rp2_common/hardware_spi/spi.c.o
                0x100031bc                spi_set_baudrate
 .text.spi_init
                0x100033d0       0x7c CMakeFiles/harmonizer.dir/_deps/pico_sdk-src/src/rp2_common/hardware_spi/spi.c.o
                0x100033d0                spi_init
 .text.i2c_write_blocking_internal
                0x1000344c      0x18c CMakeFiles/harmonizer.dir/_deps/pico_sdk-src/src/rp2_common/hardware_i2c/i2c.c.o
 .text.i2c_read_blocking_internal
                0x100035d8       0xe0 CMakeFiles/harmonizer.dir/_deps/pico_sdk-src/src/rp2_common/hardware_i2c/i2c.c.o
 .text.i2c_set_baudrate
                0x100036b8       0xc0 CMakeFiles/harmonizer.dir/_deps/pico_sdk-src/src/rp2_common/hardware_i2c/i2c.c.o
                0x100036b8                i2c_set_baudrate
 .text.i2c_init
                0x10003778       0x50 CMakeFiles/harmonizer.dir/_deps/pico_sdk-src/src/rp2_common/hardware_i2c/i2c.c.o
                0x10003778                i2c_init
 .text.i2c_write_blocking
                0x100037c8       0x18 CMakeFiles/harmonizer.dir/_deps/pico_sdk-src/src/rp2_common/hardware_i2c/i2c.c.o
                0x100037c8                i2c_write_blocking
 .text.i2c_read_blocking
                0x100037e0       0x18 CMakeFiles/harmonizer.dir/_deps/pico_sdk-src/src/rp2_common/hardware_i2c/i2c.c.o
                0x100037e0                i2c_read_blocking
 .text.atexit   0x100037f8       0x10 /usr/lib/gcc/arm-none-eabi/14.2.0/../../../../arm-none-eabi/lib/thumb/v6-m/nofp/libg.a(libc_a-atexit.o)
                0x100037f8                atexit
 .text.__libc_fini_array
                0x10003808       0x28 /usr/lib/gcc/arm-none-eabi/14.2.0/../../../../arm-none-eabi/lib/thumb/v6-m/nofp/libg.a(libc_a-fini.o)
                0x10003808                __libc_fini_array
 .text.__retarget_lock_acquire_recursive
                0x10003830        0x4 /usr/lib/gcc/arm-none-eabi/14.2.0/../../../../arm-none-eabi/lib/thumb/v6-m/nofp/libg.a(libc_a-lock.o)
                0x10003830                __retarget_lock_acquire_recursive
 .text.__retarget_lock_release_recursive
                0x10003834        0x4 /usr/lib/gcc/arm-none-eabi/14.2.0/../../../../arm-none-eabi/lib/thumb/v6-m/nofp/libg.a(libc_a-lock.o)
                0x10003834                __retarget_lock_release_recursive
 .text.strlen   0x10003838       0x5c /usr/lib/gcc/arm-none-eabi/14.2.0/../../../../arm-none-eabi/lib/thumb/v6-m/nofp/libg.a(libc_a-strlen-stub.o)
                0x10003838                strlen
 .text.__register_exitproc
                0x10003894       0xa8 /usr/lib/gcc/arm-none-eabi/14.2.0/../../../../arm-none-eabi/lib/thumb/v6-m/nofp/libg.a(libc_a-__atexit.o)
                0x10003894                __register_exitproc
 .text.startup.register_fini
                0x1000393c       0x18 /usr/lib/gcc/arm-none-eabi/14.2.0/../../../../arm-none-eabi/lib/thumb/v6-m/nofp/libg.a(libc_a-__call_atexit.o)
 *(.fini)
 .fini          0x10003954        0x4 /usr/lib/gcc/arm-none-eabi/14.2.0/thumb/v6-m/nofp/crti.o
                0x10003954                _fini
 .fini.__stub   0x10003958       0x60 linker stubs
 *crtbegin.o(.ctors)
 *crtbegin?.o(.ctors)
 *(EXCLUDE_FILE(*crtend.o *crtend?.o) .ctors)
 *(SORT_BY_NAME(.ctors.*))
 *(.ctors)
 *crtbegin.o(.dtors)
 *crtbegin?.o(.dtors)
 *(EXCLUDE_FILE(*crtend.o *crtend?.o) .dtors)
 *(SORT_BY_NAME(.dtors.*))
 *(.dtors)
                0x100039b8                        . = ALIGN (0x4)
                0x100039b8                        PROVIDE (__preinit_array_start = .)
 *(SORT_BY_NAME(.preinit_array.*))
 .preinit_array.00100
                0x100039b8        0x4 CMakeFiles/harmonizer.dir/_deps/pico_sdk-src/src/rp2_common/pico_runtime_init/runtime_init.c.o
                0x100039b8                __pre_init_runtime_init_early_resets
 .preinit_array.00101
                0x100039bc        0x4 CMakeFiles/harmonizer.dir/_deps/pico_sdk-src/src/rp2_common/pico_runtime_init/runtime_init.c.o
                0x100039bc                __pre_init_runtime_init_usb_power_down
 .preinit_array.00275
                0x100039c0        0x4 CMakeFiles/harmonizer.dir/_deps/pico_sdk-src/src/rp2_common/pico_bit_ops/bit_ops_aeabi.S.o
 .preinit_array.00300
                0x100039c4        0x4 CMakeFiles/harmonizer.dir/_deps/pico_sdk-src/src/rp2_common/pico_mem_ops/mem_ops_aeabi.S.o
 .preinit_array.00350
                0x100039c8        0x4 CMakeFiles/harmonizer.dir/_deps/pico_sdk-src/src/rp2_common/pico_double/double_aeabi_rp2040.S.o
 .preinit_array.00350
                0x100039cc        0x4 CMakeFiles/harmonizer.dir/_deps/pico_sdk-src/src/rp2_common/pico_float/float_aeabi_rp2040.S.o
 .preinit_array.00500
                0x100039d0        0x4 CMakeFiles/harmonizer.dir/_deps/pico_sdk-src/src/rp2_common/pico_runtime_init/runtime_init.c.o
                0x100039d0                __pre_init_runtime_init_clocks
 .preinit_array.00600
                0x100039d4        0x4 CMakeFiles/harmonizer.dir/_deps/pico_sdk-src/src/rp2_common/pico_runtime_init/runtime_init.c.o
                0x100039d4                __pre_init_runtime_init_post_clock_resets
 .preinit_array.00700
                0x100039d8        0x4 CMakeFiles/harmonizer.dir/_deps/pico_sdk-src/src/rp2_common/pico_runtime_init/runtime_init.c.o
                0x100039d8                __pre_init_runtime_init_rp2040_gpio_ie_disable
 .preinit_array.01000
                0x100039dc        0x4 CMakeFiles/harmonizer.dir/_deps/pico_sdk-src/src/rp2_common/pico_runtime_init/runtime_init.c.o
                0x100039dc                __pre_init_runtime_init_spin_locks_reset
 .preinit_array.01100
                0x100039e0        0x4 CMakeFiles/harmonizer.dir/_deps/pico_sdk-src/src/common/pico_sync/mutex.c.o
                0x100039e0                __pre_init_runtime_init_mutex
 .preinit_array.10080
                0x100039e4        0x4 CMakeFiles/harmonizer.dir/_deps/pico_sdk-src/src/rp2_common/pico_runtime_init/runtime_init.c.o
                0x100039e4                __pre_init_runtime_init_install_ram_vector_table
 .preinit_array.11000
                0x100039e8        0x4 CMakeFiles/harmonizer.dir/_deps/pico_sdk-src/src/common/pico_time/time.c.o
                0x100039e8                __pre_init_runtime_init_default_alarm_pool
 .preinit_array.YYYYY
                0x100039ec        0x4 CMakeFiles/harmonizer.dir/_deps/pico_sdk-src/src/rp2_common/pico_runtime/runtime.c.o
                0x100039ec                __pre_init_first_per_core_initializer
 .preinit_array.ZZZZZ.01200
                0x100039f0        0x4 CMakeFiles/harmonizer.dir/_deps/pico_sdk-src/src/rp2_common/hardware_irq/irq.c.o
                0x100039f0                __pre_init_runtime_init_per_core_irq_priorities
 *(.preinit_array)
                0x100039f4                        PROVIDE (__preinit_array_end = .)
                0x100039f4                        . = ALIGN (0x4)
                0x100039f4                        PROVIDE (__init_array_start = .)
 *(SORT_BY_NAME(.init_array.*))
 .init_array.00000
                0x100039f4        0x4 /usr/lib/gcc/arm-none-eabi/14.2.0/../../../../arm-none-eabi/lib/thumb/v6-m/nofp/libg.a(libc_a-__call_atexit.o)
 .init_array.01000
                0x100039f8        0x4 CMakeFiles/harmonizer.dir/_deps/pico_sdk-src/src/rp2_common/pico_unique_id/unique_id.c.o
 *(.init_array)
 .init_array    0x100039fc        0x4 /usr/lib/gcc/arm-none-eabi/14.2.0/thumb/v6-m/nofp/crtbegin.o
                0x10003a00                        PROVIDE (__init_array_end = .)
                0x10003a00                        . = ALIGN (0x4)
                0x10003a00                        PROVIDE (__fini_array_start = .)
 *(SORT_BY_NAME(.fini_array.*))
 *(.fini_array)
                0x10003a00                        PROVIDE (__fini_array_end = .)
 *(.eh_frame*)
 .eh_frame      0x10003a00        0x0 /usr/lib/gcc/arm-none-eabi/14.2.0/thumb/v6-m/nofp/crtbegin.o
                0x10003a00                        . = ALIGN (0x4)

.glue_7         0x10003a00        0x0
 .glue_7        0x10003a00        0x0 linker stubs

.glue_7t        0x10003a00        0x0
 .glue_7t       0x10003a00        0x0 linker stubs

.vfp11_veneer   0x10003a00        0x0
 .vfp11_veneer  0x10003a00        0x0 linker stubs

.v4_bx          0x10003a00        0x0
 .v4_bx         0x10003a00        0x0 linker stubs

.iplt           0x10003a00        0x0
 .iplt          0x10003a00        0x0 /usr/lib/gcc/arm-none-eabi/14.2.0/thumb/v6-m/nofp/crtbegin.o

.rodata         0x10003a00      0x11c
 *(EXCLUDE_FILE(*libm.a: *libc.a:*lib_a-mem*.o *libgcc.a:) .rodata*)
 .rodata._ZTV12ComputerCard
                0x10003a00        0xc CMakeFiles/harmonizer.dir/main.cpp.o
                0x10003a00                vtable for ComputerCard
 .rodata._ZTV18SimplePitchShifter
                0x10003a0c        0xc CMakeFiles/harmonizer.dir/main.cpp.o
                0x10003a0c                vtable for SimplePitchShifter
 .rodata._ZN12ComputerCard4ledsE
                0x10003a18        0x6 CMakeFiles/harmonizer.dir/main.cpp.o
                0x10003a18                ComputerCard::leds
 *fill*         0x10003a1e        0x2 
 .rodata.panic.str1.4
                0x10003a20       0xa2 CMakeFiles/harmonizer.dir/_deps/pico_sdk-src/src/rp2_common/pico_platform_panic/panic.c.o
                                 0x12 (size before relaxing)
 .rodata.timer_hardware_alarm_claim.str1.4
                0x10003ac2       0x22 CMakeFiles/harmonizer.dir/_deps/pico_sdk-src/src/rp2_common/hardware_timer/timer.c.o
 .rodata.hard_assertion_failure.str1.4
                0x10003ac2        0xc CMakeFiles/harmonizer.dir/_deps/pico_sdk-src/src/rp2_common/pico_runtime/runtime.c.o
 .rodata.str1.4
                0x10003ac2       0x40 CMakeFiles/harmonizer.dir/_deps/pico_sdk-src/src/rp2_common/pico_standard_binary_info/standard_binary_info.c.o
 *fill*         0x10003ac2        0x2 
 .rodata.__bi_84
                0x10003ac4        0xc CMakeFiles/harmonizer.dir/_deps/pico_sdk-src/src/rp2_common/pico_standard_binary_info/standard_binary_info.c.o
 .rodata.__bi_78
                0x10003ad0        0xc CMakeFiles/harmonizer.dir/_deps/pico_sdk-src/src/rp2_common/pico_standard_binary_info/standard_binary_info.c.o
 .rodata.__bi_54
                0x10003adc        0xc CMakeFiles/harmonizer.dir/_deps/pico_sdk-src/src/rp2_common/pico_standard_binary_info/standard_binary_info.c.o
 .rodata.__bi_48
                0x10003ae8        0xc CMakeFiles/harmonizer.dir/_deps/pico_sdk-src/src/rp2_common/pico_standard_binary_info/standard_binary_info.c.o
 .rodata.__bi_42
                0x10003af4        0xc CMakeFiles/harmonizer.dir/_deps/pico_sdk-src/src/rp2_common/pico_standard_binary_info/standard_binary_info.c.o
 .rodata.__bi_34
                0x10003b00        0xc CMakeFiles/harmonizer.dir/_deps/pico_sdk-src/src/rp2_common/pico_standard_binary_info/standard_binary_info.c.o
 .rodata.__bi_26
                0x10003b0c        0xc CMakeFiles/harmonizer.dir/_deps/pico_sdk-src/src/rp2_common/pico_standard_binary_info/standard_binary_info.c.o
 .rodata.crlf_str.0
                0x10003b18        0x2 CMakeFiles/harmonizer.dir/_deps/pico_sdk-src/src/rp2_common/pico_stdio/stdio.c.o
 .rodata.dma_claim_unused_channel.str1.4
                0x10003b1a       0x1e CMakeFiles/harmonizer.dir/_deps/pico_sdk-src/src/rp2_common/hardware_dma/dma.c.o
                0x10003b38                        . = ALIGN (0x4)
 *fill*         0x10003b1a        0x2 
 *(SORT_BY_ALIGNMENT(SORT_BY_NAME(.flashdata*)))
                0x10003b1c                        . = ALIGN (0x4)

.ARM.extab
 *(.ARM.extab* .gnu.linkonce.armextab.*)
                0x10003b1c                        __exidx_start = .

.ARM.exidx
 *(.ARM.exidx* .gnu.linkonce.armexidx.*)
                0x10003b1c                        __exidx_end = .
                0x10003b1c                        . = ALIGN (0x4)
                0x10003b1c                        __binary_info_start = .

.binary_info    0x10003b1c       0x1c
 *(.binary_info.keep.*)
 .binary_info.keep.__bi_ptr84
                0x10003b1c        0x4 CMakeFiles/harmonizer.dir/_deps/pico_sdk-src/src/rp2_common/pico_standard_binary_info/standard_binary_info.c.o
 .binary_info.keep.__bi_ptr78
                0x10003b20        0x4 CMakeFiles/harmonizer.dir/_deps/pico_sdk-src/src/rp2_common/pico_standard_binary_info/standard_binary_info.c.o
 .binary_info.keep.__bi_ptr54
                0x10003b24        0x4 CMakeFiles/harmonizer.dir/_deps/pico_sdk-src/src/rp2_common/pico_standard_binary_info/standard_binary_info.c.o
 .binary_info.keep.__bi_ptr48
                0x10003b28        0x4 CMakeFiles/harmonizer.dir/_deps/pico_sdk-src/src/rp2_common/pico_standard_binary_info/standard_binary_info.c.o
 .binary_info.keep.__bi_ptr42
                0x10003b2c        0x4 CMakeFiles/harmonizer.dir/_deps/pico_sdk-src/src/rp2_common/pico_standard_binary_info/standard_binary_info.c.o
 .binary_info.keep.__bi_ptr34
                0x10003b30        0x4 CMakeFiles/harmonizer.dir/_deps/pico_sdk-src/src/rp2_common/pico_standard_binary_info/standard_binary_info.c.o
 .binary_info.keep.__bi_ptr26
                0x10003b34        0x4 CMakeFiles/harmonizer.dir/_deps/pico_sdk-src/src/rp2_common/pico_standard_binary_info/standard_binary_info.c.o
 *(.binary_info.*)
                0x10003b38                        __binary_info_end = .
                0x10003b38                        . = ALIGN (0x4)

.ram_vector_table
                0x20000000       0xc0
 *(.ram_vector_table)
 .ram_vector_table
                0x20000000       0xc0 CMakeFiles/harmonizer.dir/_deps/pico_sdk-src/src/rp2_common/pico_runtime_init/runtime_init.c.o
                0x20000000                ram_vector_table

.uninitialized_data
                0x200000c0        0x0
                0x200000c0                        . = ALIGN (0x4)
 *(.uninitialized_data*)

.data           0x200000c0      0xbdc load address 0x10003b38
                0x200000c0                        __data_start__ = .
 *(vtable)
 *(.time_critical*)
 .time_critical.ComputerCard::AudioWorker
                0x200000c0      0x1f0 CMakeFiles/harmonizer.dir/main.cpp.o
                0x200000c0                ComputerCard::AudioWorker()
 .time_critical.ComputerCard::BufferFull
                0x200002b0      0x5c0 CMakeFiles/harmonizer.dir/main.cpp.o
                0x200002b0                ComputerCard::BufferFull()
 .time_critical.mutex_enter_block_until
                0x20000870       0x70 CMakeFiles/harmonizer.dir/_deps/pico_sdk-src/src/common/pico_sync/mutex.c.o
                0x20000870                mutex_enter_block_until
 .time_critical.mutex_try_enter_block_until
                0x200008e0       0x5c CMakeFiles/harmonizer.dir/_deps/pico_sdk-src/src/common/pico_sync/mutex.c.o
                0x200008e0                mutex_try_enter_block_until
 .time_critical.mutex_exit
                0x2000093c       0x28 CMakeFiles/harmonizer.dir/_deps/pico_sdk-src/src/common/pico_sync/mutex.c.o
                0x2000093c                mutex_exit
 .time_critical.flash_init_boot2_copyout
                0x20000964       0x5c CMakeFiles/harmonizer.dir/_deps/pico_sdk-src/src/rp2_common/hardware_flash/flash.c.o
 .time_critical.flash_enable_xip_via_boot2
                0x200009c0        0xc CMakeFiles/harmonizer.dir/_deps/pico_sdk-src/src/rp2_common/hardware_flash/flash.c.o
 .time_critical.flash_save_hardware_state
                0x200009cc       0x20 CMakeFiles/harmonizer.dir/_deps/pico_sdk-src/src/rp2_common/hardware_flash/flash.c.o
 .time_critical.flash_restore_hardware_state
                0x200009ec       0x20 CMakeFiles/harmonizer.dir/_deps/pico_sdk-src/src/rp2_common/hardware_flash/flash.c.o
 .time_critical.flash_cs_force
                0x20000a0c       0x20 CMakeFiles/harmonizer.dir/_deps/pico_sdk-src/src/rp2_common/hardware_flash/flash.c.o
 .time_critical.flash_do_cmd
                0x20000a2c      0x13c CMakeFiles/harmonizer.dir/_deps/pico_sdk-src/src/rp2_common/hardware_flash/flash.c.o
                0x20000a2c                flash_do_cmd
 *(.text*)
 .text          0x20000b68        0x4 /usr/lib/gcc/arm-none-eabi/14.2.0/thumb/v6-m/nofp/libgcc.a(_dvmd_tls.o)
                0x20000b68                __aeabi_ldiv0
                0x20000b68                __aeabi_idiv0
 *fill*         0x20000b6c        0x4 
 .text.__stub   0x20000b70       0x70 linker stubs
                0x20000be0                        . = ALIGN (0x4)
 *(.rodata*)
                0x20000be0                        . = ALIGN (0x4)
 *(.data*)
 .data._ZZN12ComputerCard10BufferFullEvE14startupCounter
                0x20000be0        0x4 CMakeFiles/harmonizer.dir/main.cpp.o
 .data._ZZN12ComputerCard15next_norm_probeEvE8lcg_seed
                0x20000be4        0x4 CMakeFiles/harmonizer.dir/main.cpp.o
 .data._ZN12ComputerCard7cvValueE
                0x20000be8        0x8 CMakeFiles/harmonizer.dir/main.cpp.o
                0x20000be8                ComputerCard::cvValue
 .data.striped_spin_lock_num
                0x20000bf0        0x1 CMakeFiles/harmonizer.dir/_deps/pico_sdk-src/src/rp2_common/hardware_sync/sync.c.o
 *fill*         0x20000bf1        0x3 
 .data          0x20000bf4       0x48 CMakeFiles/harmonizer.dir/_deps/pico_sdk-src/src/rp2_common/hardware_irq/irq_handler_chain.S.o
                0x20000bf4                irq_handler_chain_slots
                0x20000c24                irq_handler_chain_first_slot
                0x20000c2e                irq_handler_chain_remove_tail
 .data.default_alarm_pool
                0x20000c3c       0x18 CMakeFiles/harmonizer.dir/_deps/pico_sdk-src/src/common/pico_time/time.c.o
 *fill*         0x20000c54        0xc 
 .data.aeabi_bits_funcs
                0x20000c60       0x10 CMakeFiles/harmonizer.dir/_deps/pico_sdk-src/src/rp2_common/pico_bit_ops/bit_ops_aeabi.S.o
                0x20000c60                aeabi_bits_funcs
                0x20000c70                aeabi_bits_funcs_end
 .data.aeabi_mem_funcs
                0x20000c70       0x10 CMakeFiles/harmonizer.dir/_deps/pico_sdk-src/src/rp2_common/pico_mem_ops/mem_ops_aeabi.S.o
                0x20000c70                aeabi_mem_funcs
                0x20000c80                aeabi_mem_funcs_end
 .data.i2c0_inst
                0x20000c80        0x8 CMakeFiles/harmonizer.dir/_deps/pico_sdk-src/src/rp2_common/hardware_i2c/i2c.c.o
                0x20000c80                i2c0_inst
 .data.__atexit_recursive_mutex
                0x20000c88        0x4 /usr/lib/gcc/arm-none-eabi/14.2.0/../../../../arm-none-eabi/lib/thumb/v6-m/nofp/libg.a(libc_a-__call_atexit.o)
                0x20000c88                __atexit_recursive_mutex
                0x20000c8c                        . = ALIGN (0x4)
 *(.after_data.*)
                0x20000c8c                        . = ALIGN (0x4)
                0x20000c8c                        PROVIDE (__mutex_array_start = .)
 *(SORT_BY_NAME(.mutex_array.*))
 *(.mutex_array)
 .mutex_array   0x20000c8c        0x8 CMakeFiles/harmonizer.dir/_deps/pico_sdk-src/src/rp2_common/pico_malloc/malloc.c.o
 .mutex_array   0x20000c94        0x8 CMakeFiles/harmonizer.dir/_deps/pico_sdk-src/src/rp2_common/pico_stdio/stdio.c.o
                0x20000c9c                        PROVIDE (__mutex_array_end = .)
                0x20000c9c                        . = ALIGN (0x4)
 *(.jcr)
                0x20000c9c                        . = ALIGN (0x4)

.igot.plt       0x20000c9c        0x0 load address 0x10004714
 .igot.plt      0x20000c9c        0x0 /usr/lib/gcc/arm-none-eabi/14.2.0/thumb/v6-m/nofp/crtbegin.o

.tdata          0x20000c9c        0x0 load address 0x10004714
                0x20000c9c                        . = ALIGN (0x4)
 *(.tdata .tdata.* .gnu.linkonce.td.*)
                0x20000c9c                        __tdata_end = .
                0x20000c9c                        PROVIDE (__data_end__ = .)
                0x10003b38                        __etext = LOADADDR (.data)

.tbss           0x20000c9c        0x0 load address 0x10004714
                0x20000c9c                        . = ALIGN (0x4)
                0x20000c9c                        __bss_start__ = .
                0x20000c9c                        __tls_base = .
 *(.tbss .tbss.* .gnu.linkonce.tb.*)
 *(.tcommon)
                0x20000c9c                        __tls_end = .

.bss            0x20000ca0      0x6bc load address 0x10004714
                0x20000ca0                        . = ALIGN (0x4)
                0x20000ca0                        __tbss_end = .
 *(SORT_BY_ALIGNMENT(SORT_BY_NAME(.bss*)))
 .bss.default_alarm_pool_entries
                0x20000ca0      0x180 CMakeFiles/harmonizer.dir/_deps/pico_sdk-src/src/common/pico_time/time.c.o
 .bss.sd_table  0x20000e20      0x100 CMakeFiles/harmonizer.dir/_deps/pico_sdk-src/src/rp2_common/pico_double/double_init_rom_rp2040.c.o
                0x20000e20                sd_table
 .bss._ZN12ComputerCard7thisptrE
                0x20000f20        0x4 CMakeFiles/harmonizer.dir/main.cpp.o
                0x20000f20                ComputerCard::thisptr
 .bss._ZZN12ComputerCard10BufferFullEvE16norm_probe_count
                0x20000f24        0x4 CMakeFiles/harmonizer.dir/main.cpp.o
 .bss._ZZN12ComputerCard10BufferFullEvE2np
                0x20000f28        0x4 CMakeFiles/harmonizer.dir/main.cpp.o
 .bss._ZZN12ComputerCard10BufferFullEvE4cvsm
                0x20000f2c        0x8 CMakeFiles/harmonizer.dir/main.cpp.o
 .bss._ZZN12ComputerCard10BufferFullEvE7knobssm
                0x20000f34       0x10 CMakeFiles/harmonizer.dir/main.cpp.o
 .bss._ZZN12ComputerCard10BufferFullEvE9mux_state
                0x20000f44        0x4 CMakeFiles/harmonizer.dir/main.cpp.o
 .bss._ZZN12ComputerCard11OnCVPWMWrapEvE6error1
                0x20000f48        0x4 CMakeFiles/harmonizer.dir/main.cpp.o
                0x20000f48                ComputerCard::OnCVPWMWrap()::error1
 .bss._ZZN12ComputerCard11OnCVPWMWrapEvE6error2
                0x20000f4c        0x4 CMakeFiles/harmonizer.dir/main.cpp.o
                0x20000f4c                ComputerCard::OnCVPWMWrap()::error2
 .bss.__atexit  0x20000f50        0x4 /usr/lib/gcc/arm-none-eabi/14.2.0/../../../../arm-none-eabi/lib/thumb/v6-m/nofp/libg.a(libc_a-__call_atexit.o)
                0x20000f50                __atexit
 .bss.__atexit0
                0x20000f54      0x190 /usr/lib/gcc/arm-none-eabi/14.2.0/../../../../arm-none-eabi/lib/thumb/v6-m/nofp/libg.a(libc_a-__atexit.o)
                0x20000f54                __atexit0
 .bss.__lock___atexit_recursive_mutex
                0x200010e4        0x1 /usr/lib/gcc/arm-none-eabi/14.2.0/../../../../arm-none-eabi/lib/thumb/v6-m/nofp/libg.a(libc_a-lock.o)
                0x200010e4                __lock___atexit_recursive_mutex
 *fill*         0x200010e5        0x3 
 .bss.boot2_copyout
                0x200010e8      0x100 CMakeFiles/harmonizer.dir/_deps/pico_sdk-src/src/rp2_common/hardware_flash/flash.c.o
 .bss.claimed   0x200011e8        0x1 CMakeFiles/harmonizer.dir/_deps/pico_sdk-src/src/rp2_common/hardware_timer/timer.c.o
 *fill*         0x200011e9        0x3 
 .bss.configured_freq
                0x200011ec       0x28 CMakeFiles/harmonizer.dir/_deps/pico_sdk-src/src/rp2_common/hardware_clocks/clocks.c.o
 .bss.drivers   0x20001214        0x4 CMakeFiles/harmonizer.dir/_deps/pico_sdk-src/src/rp2_common/pico_stdio/stdio.c.o
 .bss.filter    0x20001218        0x4 CMakeFiles/harmonizer.dir/_deps/pico_sdk-src/src/rp2_common/pico_stdio/stdio.c.o
 .bss.lazy_vsnprintf
                0x2000121c        0x4 CMakeFiles/harmonizer.dir/_deps/pico_sdk-src/src/rp2_common/pico_printf/printf.c.o
 .bss.object.0  0x20001220       0x18 /usr/lib/gcc/arm-none-eabi/14.2.0/thumb/v6-m/nofp/crtbegin.o
 .bss.pools     0x20001238       0x10 CMakeFiles/harmonizer.dir/_deps/pico_sdk-src/src/common/pico_time/time.c.o
 .bss.retrieved_id
                0x20001248        0x8 CMakeFiles/harmonizer.dir/_deps/pico_sdk-src/src/rp2_common/pico_unique_id/unique_id.c.o
 .bss.sf_clz_func
                0x20001250        0x4 CMakeFiles/harmonizer.dir/_deps/pico_sdk-src/src/rp2_common/pico_double/double_init_rom_rp2040.c.o
                0x20001250                sf_clz_func
 .bss.sf_table  0x20001254      0x100 CMakeFiles/harmonizer.dir/_deps/pico_sdk-src/src/rp2_common/pico_float/float_init_rom_rp2040.c.o
                0x20001254                sf_table
 .bss.sleep_notifier
                0x20001354        0x4 CMakeFiles/harmonizer.dir/_deps/pico_sdk-src/src/common/pico_time/time.c.o
 .bss._claimed  0x20001358        0x2 CMakeFiles/harmonizer.dir/_deps/pico_sdk-src/src/rp2_common/hardware_dma/dma.c.o
 .bss.boot2_copyout_valid
                0x2000135a        0x1 CMakeFiles/harmonizer.dir/_deps/pico_sdk-src/src/rp2_common/hardware_flash/flash.c.o
 .bss.irq_handler_chain_free_slot_head
                0x2000135b        0x1 CMakeFiles/harmonizer.dir/_deps/pico_sdk-src/src/rp2_common/hardware_irq/irq.c.o
 *(COMMON)
                0x2000135c                        . = ALIGN (0x4)
                0x2000135c                        __bss_end__ = .

.heap           0x2000135c      0x800 load address 0x10004714
                0x2000135c                        __end__ = .
                0x2000135c                        end = __end__
 *(.heap*)
 .heap          0x2000135c      0x800 CMakeFiles/harmonizer.dir/_deps/pico_sdk-src/src/rp2_common/pico_crt0/crt0.S.o
                0x20040000                        __HeapLimit = (ORIGIN (RAM) + LENGTH (RAM))

.scratch_x      0x20040000        0x0 load address 0x10004714
                0x20040000                        __scratch_x_start__ = .
 *(.scratch_x.*)
                0x20040000                        . = ALIGN (0x4)
                0x20040000                        __scratch_x_end__ = .
                0x10004714                        __scratch_x_source__ = LOADADDR (.scratch_x)

.scratch_y      0x20041000        0x0 load address 0x10004714
                0x20041000                        __scratch_y_start__ = .
 *(.scratch_y.*)
                0x20041000                        . = ALIGN (0x4)
                0x20041000                        __scratch_y_end__ = .
                0x10004714                        __scratch_y_source__ = LOADADDR (.scratch_y)

.stack1_dummy   0x20040000      0x800
 *(.stack1*)
 .stack1        0x20040000      0x800 CMakeFiles/harmonizer.dir/_deps/pico_sdk-src/src/rp2_common/pico_multicore/multicore.c.o

.stack_dummy    0x20041000      0x800
 *(.stack*)
 .stack         0x20041000      0x800 CMakeFiles/harmonizer.dir/_deps/pico_sdk-src/src/rp2_common/pico_crt0/crt0.S.o

.rel.dyn        0x20041800        0x0
 .rel.iplt      0x20041800        0x0 /usr/lib/gcc/arm-none-eabi/14.2.0/thumb/v6-m/nofp/crtbegin.o

.flash_end      0x10004714        0x0
 *(.embedded_end_block*)
                0x10004714                        PROVIDE (__flash_binary_end = .)
                0x20040000                        __StackLimit = (ORIGIN (RAM) + LENGTH (RAM))
                0x20041000                        __StackOneTop = (ORIGIN (SCRATCH_X) + LENGTH (SCRATCH_X))
                0x20042000                        __StackTop = (ORIGIN (SCRATCH_Y) + LENGTH (SCRATCH_Y))
                0x20040800                        __StackOneBottom = (__StackOneTop - SIZEOF (.stack1_dummy))
                0x20041800                        __StackBottom = (__StackTop - SIZEOF (.stack_dummy))
                0x20042000                        PROVIDE (__stack = __StackTop)
                [!provide]                        PROVIDE (__heap_start = __end__)
                [!provide]                        PROVIDE (__heap_end = __HeapLimit)
                [!provide]                        PROVIDE (__tls_align = MAX (ALIGNOF (.tdata), ALIGNOF (.tbss)))
                [!provide]                        PROVIDE (__tls_size_align = (((__tls_size + __tls_align) - 0x1) & ~ ((__tls_align - 0x1))))
                [!provide]                        PROVIDE (__arm32_tls_tcb_offset = MAX (0x8, __tls_align))
                [!provide]                        PROVIDE (_end = __end__)
                [!provide]                        PROVIDE (__llvm_libc_heap_limit = __HeapLimit)
                0x00000001                        ASSERT ((__StackLimit >= __HeapLimit), region RAM overflowed)
                0x00000001                        ASSERT (((__binary_info_header_end - __logical_binary_start) <= 0x100), Binary info must be in first 256 bytes of the binary)
LOAD CMakeFiles/harmonizer.dir/main.cpp.o
LOAD CMakeFiles/harmonizer.dir/_deps/pico_sdk-src/src/rp2_common/pico_stdlib/stdlib.c.o
LOAD CMakeFiles/harmonizer.dir/_deps/pico_sdk-src/src/rp2_common/hardware_gpio/gpio.c.o
LOAD CMakeFiles/harmonizer.dir/_deps/pico_sdk-src/src/rp2040/pico_platform/platform.c.o
LOAD CMakeFiles/harmonizer.dir/_deps/pico_sdk-src/src/rp2_common/pico_platform_common/common.c.o
LOAD CMakeFiles/harmonizer.dir/_deps/pico_sdk-src/src/rp2_common/pico_platform_panic/panic.c.o
LOAD CMakeFiles/harmonizer.dir/_deps/pico_sdk-src/src/common/hardware_claim/claim.c.o
LOAD CMakeFiles/harmonizer.dir/_deps/pico_sdk-src/src/rp2_common/hardware_sync/sync.c.o
LOAD CMakeFiles/harmonizer.dir/_deps/pico_sdk-src/src/rp2_common/hardware_sync_spin_lock/sync_spin_lock.c.o
LOAD CMakeFiles/harmonizer.dir/_deps/pico_sdk-src/src/rp2_common/hardware_irq/irq.c.o
LOAD CMakeFiles/harmonizer.dir/_deps/pico_sdk-src/src/rp2_common/hardware_irq/irq_handler_chain.S.o
LOAD CMakeFiles/harmonizer.dir/_deps/pico_sdk-src/src/common/pico_sync/sem.c.o
LOAD CMakeFiles/harmonizer.dir/_deps/pico_sdk-src/src/common/pico_sync/lock_core.c.o
LOAD CMakeFiles/harmonizer.dir/_deps/pico_sdk-src/src/common/pico_sync/mutex.c.o
LOAD CMakeFiles/harmonizer.dir/_deps/pico_sdk-src/src/common/pico_sync/critical_section.c.o
LOAD CMakeFiles/harmonizer.dir/_deps/pico_sdk-src/src/common/pico_time/time.c.o
LOAD CMakeFiles/harmonizer.dir/_deps/pico_sdk-src/src/common/pico_time/timeout_helper.c.o
LOAD CMakeFiles/harmonizer.dir/_deps/pico_sdk-src/src/rp2_common/hardware_timer/timer.c.o
LOAD CMakeFiles/harmonizer.dir/_deps/pico_sdk-src/src/common/pico_util/datetime.c.o
LOAD CMakeFiles/harmonizer.dir/_deps/pico_sdk-src/src/common/pico_util/pheap.c.o
LOAD CMakeFiles/harmonizer.dir/_deps/pico_sdk-src/src/common/pico_util/queue.c.o
LOAD CMakeFiles/harmonizer.dir/_deps/pico_sdk-src/src/rp2_common/hardware_uart/uart.c.o
LOAD CMakeFiles/harmonizer.dir/_deps/pico_sdk-src/src/rp2_common/hardware_clocks/clocks.c.o
LOAD CMakeFiles/harmonizer.dir/_deps/pico_sdk-src/src/rp2_common/hardware_pll/pll.c.o
LOAD CMakeFiles/harmonizer.dir/_deps/pico_sdk-src/src/rp2_common/hardware_vreg/vreg.c.o
LOAD CMakeFiles/harmonizer.dir/_deps/pico_sdk-src/src/rp2_common/hardware_watchdog/watchdog.c.o
LOAD CMakeFiles/harmonizer.dir/_deps/pico_sdk-src/src/rp2_common/hardware_ticks/ticks.c.o
LOAD CMakeFiles/harmonizer.dir/_deps/pico_sdk-src/src/rp2_common/pico_bootrom/bootrom.c.o
LOAD CMakeFiles/harmonizer.dir/_deps/pico_sdk-src/src/rp2_common/pico_bootrom/bootrom_lock.c.o
LOAD CMakeFiles/harmonizer.dir/_deps/pico_sdk-src/src/rp2_common/hardware_boot_lock/boot_lock.c.o
LOAD CMakeFiles/harmonizer.dir/_deps/pico_sdk-src/src/rp2_common/pico_flash/flash.c.o
LOAD CMakeFiles/harmonizer.dir/_deps/pico_sdk-src/src/rp2_common/hardware_xosc/xosc.c.o
LOAD CMakeFiles/harmonizer.dir/_deps/pico_sdk-src/src/rp2_common/hardware_divider/divider.S.o
LOAD CMakeFiles/harmonizer.dir/_deps/pico_sdk-src/src/rp2_common/pico_runtime/runtime.c.o
LOAD CMakeFiles/harmonizer.dir/_deps/pico_sdk-src/src/rp2_common/pico_runtime_init/runtime_init.c.o
LOAD CMakeFiles/harmonizer.dir/_deps/pico_sdk-src/src/rp2_common/pico_runtime_init/runtime_init_clocks.c.o
LOAD CMakeFiles/harmonizer.dir/_deps/pico_sdk-src/src/rp2_common/pico_runtime_init/runtime_init_stack_guard.c.o
LOAD CMakeFiles/harmonizer.dir/_deps/pico_sdk-src/src/rp2_common/pico_bit_ops/bit_ops_aeabi.S.o
LOAD CMakeFiles/harmonizer.dir/_deps/pico_sdk-src/src/rp2_common/pico_divider/divider_hardware.S.o
LOAD CMakeFiles/harmonizer.dir/_deps/pico_sdk-src/src/rp2_common/pico_double/double_aeabi_rp2040.S.o
LOAD CMakeFiles/harmonizer.dir/_deps/pico_sdk-src/src/rp2_common/pico_double/double_init_rom_rp2040.c.o
LOAD CMakeFiles/harmonizer.dir/_deps/pico_sdk-src/src/rp2_common/pico_double/double_math.c.o
LOAD CMakeFiles/harmonizer.dir/_deps/pico_sdk-src/src/rp2_common/pico_double/double_v1_rom_shim_rp2040.S.o
LOAD CMakeFiles/harmonizer.dir/_deps/pico_sdk-src/src/rp2_common/pico_int64_ops/pico_int64_ops_aeabi.S.o
LOAD CMakeFiles/harmonizer.dir/_deps/pico_sdk-src/src/rp2_common/pico_float/float_aeabi_rp2040.S.o
LOAD CMakeFiles/harmonizer.dir/_deps/pico_sdk-src/src/rp2_common/pico_float/float_init_rom_rp2040.c.o
LOAD CMakeFiles/harmonizer.dir/_deps/pico_sdk-src/src/rp2_common/pico_float/float_math.c.o
LOAD CMakeFiles/harmonizer.dir/_deps/pico_sdk-src/src/rp2_common/pico_float/float_v1_rom_shim_rp2040.S.o
LOAD CMakeFiles/harmonizer.dir/_deps/pico_sdk-src/src/rp2_common/pico_malloc/malloc.c.o
LOAD CMakeFiles/harmonizer.dir/_deps/pico_sdk-src/src/rp2_common/pico_mem_ops/mem_ops_aeabi.S.o
LOAD CMakeFiles/harmonizer.dir/_deps/pico_sdk-src/src/rp2_common/pico_atomic/atomic.c.o
LOAD CMakeFiles/harmonizer.dir/_deps/pico_sdk-src/src/rp2_common/pico_cxx_options/new_delete.cpp.o
LOAD CMakeFiles/harmonizer.dir/_deps/pico_sdk-src/src/rp2_common/pico_standard_binary_info/standard_binary_info.c.o
LOAD CMakeFiles/harmonizer.dir/_deps/pico_sdk-src/src/rp2_common/pico_printf/printf.c.o
LOAD CMakeFiles/harmonizer.dir/_deps/pico_sdk-src/src/rp2_common/pico_crt0/crt0.S.o
LOAD CMakeFiles/harmonizer.dir/_deps/pico_sdk-src/src/rp2_common/pico_clib_interface/newlib_interface.c.o
LOAD CMakeFiles/harmonizer.dir/_deps/pico_sdk-src/src/rp2_common/pico_stdio/stdio.c.o
LOAD CMakeFiles/harmonizer.dir/_deps/pico_sdk-src/src/rp2_common/pico_stdio_usb/reset_interface.c.o
LOAD CMakeFiles/harmonizer.dir/_deps/pico_sdk-src/src/rp2_common/pico_stdio_usb/stdio_usb.c.o
LOAD CMakeFiles/harmonizer.dir/_deps/pico_sdk-src/src/rp2_common/pico_stdio_usb/stdio_usb_descriptors.c.o
LOAD CMakeFiles/harmonizer.dir/_deps/pico_sdk-src/src/rp2_common/pico_unique_id/unique_id.c.o
LOAD CMakeFiles/harmonizer.dir/_deps/pico_sdk-src/src/rp2_common/hardware_flash/flash.c.o
LOAD CMakeFiles/harmonizer.dir/_deps/pico_sdk-src/src/rp2_common/hardware_xip_cache/xip_cache.c.o
LOAD CMakeFiles/harmonizer.dir/_deps/pico_sdk-src/lib/tinyusb/src/portable/raspberrypi/rp2040/dcd_rp2040.c.o
LOAD CMakeFiles/harmonizer.dir/_deps/pico_sdk-src/lib/tinyusb/src/portable/raspberrypi/rp2040/rp2040_usb.c.o
LOAD CMakeFiles/harmonizer.dir/_deps/pico_sdk-src/lib/tinyusb/src/device/usbd.c.o
LOAD CMakeFiles/harmonizer.dir/_deps/pico_sdk-src/lib/tinyusb/src/device/usbd_control.c.o
LOAD CMakeFiles/harmonizer.dir/_deps/pico_sdk-src/lib/tinyusb/src/class/audio/audio_device.c.o
LOAD CMakeFiles/harmonizer.dir/_deps/pico_sdk-src/lib/tinyusb/src/class/cdc/cdc_device.c.o
LOAD CMakeFiles/harmonizer.dir/_deps/pico_sdk-src/lib/tinyusb/src/class/dfu/dfu_device.c.o
LOAD CMakeFiles/harmonizer.dir/_deps/pico_sdk-src/lib/tinyusb/src/class/dfu/dfu_rt_device.c.o
LOAD CMakeFiles/harmonizer.dir/_deps/pico_sdk-src/lib/tinyusb/src/class/hid/hid_device.c.o
LOAD CMakeFiles/harmonizer.dir/_deps/pico_sdk-src/lib/tinyusb/src/class/midi/midi_device.c.o
LOAD CMakeFiles/harmonizer.dir/_deps/pico_sdk-src/lib/tinyusb/src/class/msc/msc_device.c.o
LOAD CMakeFiles/harmonizer.dir/_deps/pico_sdk-src/lib/tinyusb/src/class/net/ecm_rndis_device.c.o
LOAD CMakeFiles/harmonizer.dir/_deps/pico_sdk-src/lib/tinyusb/src/class/net/ncm_device.c.o
LOAD CMakeFiles/harmonizer.dir/_deps/pico_sdk-src/lib/tinyusb/src/class/usbtmc/usbtmc_device.c.o
LOAD CMakeFiles/harmonizer.dir/_deps/pico_sdk-src/lib/tinyusb/src/class/vendor/vendor_device.c.o
LOAD CMakeFiles/harmonizer.dir/_deps/pico_sdk-src/lib/tinyusb/src/class/video/video_device.c.o
LOAD CMakeFiles/harmonizer.dir/_deps/pico_sdk-src/lib/tinyusb/src/tusb.c.o
LOAD CMakeFiles/harmonizer.dir/_deps/pico_sdk-src/lib/tinyusb/src/common/tusb_fifo.c.o
LOAD CMakeFiles/harmonizer.dir/_deps/pico_sdk-src/src/rp2_common/pico_fix/rp2040_usb_device_enumeration/rp2040_usb_device_enumeration.c.o
LOAD CMakeFiles/harmonizer.dir/_deps/pico_sdk-src/src/rp2_common/hardware_adc/adc.c.o
LOAD CMakeFiles/harmonizer.dir/_deps/pico_sdk-src/src/rp2_common/hardware_dma/dma.c.o
LOAD CMakeFiles/harmonizer.dir/_deps/pico_sdk-src/src/rp2_common/hardware_spi/spi.c.o
LOAD CMakeFiles/harmonizer.dir/_deps/pico_sdk-src/src/rp2_common/hardware_i2c/i2c.c.o
LOAD CMakeFiles/harmonizer.dir/_deps/pico_sdk-src/src/rp2_common/pico_multicore/multicore.c.o
LOAD pico-sdk/src/rp2040/boot_stage2/CMakeFiles/bs2_default_library.dir/bs2_default_padded_checksummed.S.o
LOAD /usr/lib/gcc/arm-none-eabi/14.2.0/../../../../arm-none-eabi/lib/thumb/v6-m/nofp/libstdc++.a
LOAD /usr/lib/gcc/arm-none-eabi/14.2.0/../../../../arm-none-eabi/lib/thumb/v6-m/nofp/libm.a
START GROUP
LOAD /usr/lib/gcc/arm-none-eabi/14.2.0/thumb/v6-m/nofp/libgcc.a
LOAD /usr/lib/gcc/arm-none-eabi/14.2.0/../../../../arm-none-eabi/lib/thumb/v6-m/nofp/libg.a
LOAD /usr/lib/gcc/arm-none-eabi/14.2.0/../../../../arm-none-eabi/lib/thumb/v6-m/nofp/libc.a
END GROUP
START GROUP
LOAD /usr/lib/gcc/arm-none-eabi/14.2.0/thumb/v6-m/nofp/libgcc.a
LOAD /usr/lib/gcc/arm-none-eabi/14.2.0/../../../../arm-none-eabi/lib/thumb/v6-m/nofp/libc.a
LOAD /usr/lib/gcc/arm-none-eabi/14.2.0/../../../../arm-none-eabi/lib/thumb/v6-m/nofp/libnosys.a
END GROUP
LOAD /usr/lib/gcc/arm-none-eabi/14.2.0/thumb/v6-m/nofp/crtend.o
LOAD /usr/lib/gcc/arm-none-eabi/14.2.0/thumb/v6-m/nofp/crtn.o
OUTPUT(harmonizer.elf elf32-littlearm)
LOAD linker stubs

.ARM.attributes
                0x00000000       0x28
 .ARM.attributes
                0x00000000       0x1e /usr/lib/gcc/arm-none-eabi/14.2.0/thumb/v6-m/nofp/crti.o
 .ARM.attributes
                0x0000001e       0x2c /usr/lib/gcc/arm-none-eabi/14.2.0/thumb/v6-m/nofp/crtbegin.o
 .ARM.attributes
                0x0000004a       0x28 CMakeFiles/harmonizer.dir/main.cpp.o
 .ARM.attributes
                0x00000072       0x28 CMakeFiles/harmonizer.dir/_deps/pico_sdk-src/src/rp2_common/hardware_gpio/gpio.c.o
 .ARM.attributes
                0x0000009a       0x28 CMakeFiles/harmonizer.dir/_deps/pico_sdk-src/src/rp2_common/pico_platform_panic/panic.c.o
 .ARM.attributes
                0x000000c2       0x28 CMakeFiles/harmonizer.dir/_deps/pico_sdk-src/src/common/hardware_claim/claim.c.o
 .ARM.attributes
                0x000000ea       0x28 CMakeFiles/harmonizer.dir/_deps/pico_sdk-src/src/rp2_common/hardware_sync/sync.c.o
 .ARM.attributes
                0x00000112       0x28 CMakeFiles/harmonizer.dir/_deps/pico_sdk-src/src/rp2_common/hardware_sync_spin_lock/sync_spin_lock.c.o
 .ARM.attributes
                0x0000013a       0x28 CMakeFiles/harmonizer.dir/_deps/pico_sdk-src/src/rp2_common/hardware_irq/irq.c.o
 .ARM.attributes
                0x00000162       0x22 CMakeFiles/harmonizer.dir/_deps/pico_sdk-src/src/rp2_common/hardware_irq/irq_handler_chain.S.o
 .ARM.attributes
                0x00000184       0x28 CMakeFiles/harmonizer.dir/_deps/pico_sdk-src/src/common/pico_sync/lock_core.c.o
 .ARM.attributes
                0x000001ac       0x28 CMakeFiles/harmonizer.dir/_deps/pico_sdk-src/src/common/pico_sync/mutex.c.o
 .ARM.attributes
                0x000001d4       0x28 CMakeFiles/harmonizer.dir/_deps/pico_sdk-src/src/common/pico_time/time.c.o
 .ARM.attributes
                0x000001fc       0x28 CMakeFiles/harmonizer.dir/_deps/pico_sdk-src/src/rp2_common/hardware_timer/timer.c.o
 .ARM.attributes
                0x00000224       0x28 CMakeFiles/harmonizer.dir/_deps/pico_sdk-src/src/rp2_common/hardware_clocks/clocks.c.o
 .ARM.attributes
                0x0000024c       0x28 CMakeFiles/harmonizer.dir/_deps/pico_sdk-src/src/rp2_common/hardware_pll/pll.c.o
 .ARM.attributes
                0x00000274       0x28 CMakeFiles/harmonizer.dir/_deps/pico_sdk-src/src/rp2_common/hardware_ticks/ticks.c.o
 .ARM.attributes
                0x0000029c       0x28 CMakeFiles/harmonizer.dir/_deps/pico_sdk-src/src/rp2_common/pico_bootrom/bootrom.c.o
 .ARM.attributes
                0x000002c4       0x28 CMakeFiles/harmonizer.dir/_deps/pico_sdk-src/src/rp2_common/hardware_xosc/xosc.c.o
 .ARM.attributes
                0x000002ec       0x28 CMakeFiles/harmonizer.dir/_deps/pico_sdk-src/src/rp2_common/pico_runtime/runtime.c.o
 .ARM.attributes
                0x00000314       0x28 CMakeFiles/harmonizer.dir/_deps/pico_sdk-src/src/rp2_common/pico_runtime_init/runtime_init.c.o
 .ARM.attributes
                0x0000033c       0x28 CMakeFiles/harmonizer.dir/_deps/pico_sdk-src/src/rp2_common/pico_runtime_init/runtime_init_clocks.c.o
 .ARM.attributes
                0x00000364       0x22 CMakeFiles/harmonizer.dir/_deps/pico_sdk-src/src/rp2_common/pico_bit_ops/bit_ops_aeabi.S.o
 .ARM.attributes
                0x00000386       0x22 CMakeFiles/harmonizer.dir/_deps/pico_sdk-src/src/rp2_common/pico_divider/divider_hardware.S.o
 .ARM.attributes
                0x000003a8       0x22 CMakeFiles/harmonizer.dir/_deps/pico_sdk-src/src/rp2_common/pico_double/double_aeabi_rp2040.S.o
 .ARM.attributes
                0x000003ca       0x28 CMakeFiles/harmonizer.dir/_deps/pico_sdk-src/src/rp2_common/pico_double/double_init_rom_rp2040.c.o
 .ARM.attributes
                0x000003f2       0x22 CMakeFiles/harmonizer.dir/_deps/pico_sdk-src/src/rp2_common/pico_double/double_v1_rom_shim_rp2040.S.o
 .ARM.attributes
                0x00000414       0x22 CMakeFiles/harmonizer.dir/_deps/pico_sdk-src/src/rp2_common/pico_int64_ops/pico_int64_ops_aeabi.S.o
 .ARM.attributes
                0x00000436       0x22 CMakeFiles/harmonizer.dir/_deps/pico_sdk-src/src/rp2_common/pico_float/float_aeabi_rp2040.S.o
 .ARM.attributes
                0x00000458       0x28 CMakeFiles/harmonizer.dir/_deps/pico_sdk-src/src/rp2_common/pico_float/float_init_rom_rp2040.c.o
 .ARM.attributes
                0x00000480       0x22 CMakeFiles/harmonizer.dir/_deps/pico_sdk-src/src/rp2_common/pico_float/float_v1_rom_shim_rp2040.S.o
 .ARM.attributes
                0x000004a2       0x28 CMakeFiles/harmonizer.dir/_deps/pico_sdk-src/src/rp2_common/pico_malloc/malloc.c.o
 .ARM.attributes
                0x000004ca       0x22 CMakeFiles/harmonizer.dir/_deps/pico_sdk-src/src/rp2_common/pico_mem_ops/mem_ops_aeabi.S.o
 .ARM.attributes
                0x000004ec       0x28 CMakeFiles/harmonizer.dir/_deps/pico_sdk-src/src/rp2_common/pico_standard_binary_info/standard_binary_info.c.o
 .ARM.attributes
                0x00000514       0x28 CMakeFiles/harmonizer.dir/_deps/pico_sdk-src/src/rp2_common/pico_printf/printf.c.o
 .ARM.attributes
                0x0000053c       0x22 CMakeFiles/harmonizer.dir/_deps/pico_sdk-src/src/rp2_common/pico_crt0/crt0.S.o
 .ARM.attributes
                0x0000055e       0x28 CMakeFiles/harmonizer.dir/_deps/pico_sdk-src/src/rp2_common/pico_clib_interface/newlib_interface.c.o
 .ARM.attributes
                0x00000586       0x28 CMakeFiles/harmonizer.dir/_deps/pico_sdk-src/src/rp2_common/pico_stdio/stdio.c.o
 .ARM.attributes
                0x000005ae       0x28 CMakeFiles/harmonizer.dir/_deps/pico_sdk-src/src/rp2_common/pico_unique_id/unique_id.c.o
 .ARM.attributes
                0x000005d6       0x28 CMakeFiles/harmonizer.dir/_deps/pico_sdk-src/src/rp2_common/hardware_flash/flash.c.o
 .ARM.attributes
                0x000005fe       0x28 CMakeFiles/harmonizer.dir/_deps/pico_sdk-src/src/rp2_common/hardware_adc/adc.c.o
 .ARM.attributes
                0x00000626       0x28 CMakeFiles/harmonizer.dir/_deps/pico_sdk-src/src/rp2_common/hardware_dma/dma.c.o
 .ARM.attributes
                0x0000064e       0x28 CMakeFiles/harmonizer.dir/_deps/pico_sdk-src/src/rp2_common/hardware_spi/spi.c.o
 .ARM.attributes
                0x00000676       0x28 CMakeFiles/harmonizer.dir/_deps/pico_sdk-src/src/rp2_common/hardware_i2c/i2c.c.o
 .ARM.attributes
                0x0000069e       0x28 CMakeFiles/harmonizer.dir/_deps/pico_sdk-src/src/rp2_common/pico_multicore/multicore.c.o
 .ARM.attributes
                0x000006c6       0x22 pico-sdk/src/rp2040/boot_stage2/CMakeFiles/bs2_default_library.dir/bs2_default_padded_checksummed.S.o
 .ARM.attributes
                0x000006e8       0x1e /usr/lib/gcc/arm-none-eabi/14.2.0/thumb/v6-m/nofp/libgcc.a(_dvmd_tls.o)
 .ARM.attributes
                0x00000706       0x2c /usr/lib/gcc/arm-none-eabi/14.2.0/../../../../arm-none-eabi/lib/thumb/v6-m/nofp/libg.a(libc_a-atexit.o)
 .ARM.attributes
                0x00000732       0x2c /usr/lib/gcc/arm-none-eabi/14.2.0/../../../../arm-none-eabi/lib/thumb/v6-m/nofp/libg.a(libc_a-fini.o)
 .ARM.attributes
                0x0000075e       0x2c /usr/lib/gcc/arm-none-eabi/14.2.0/../../../../arm-none-eabi/lib/thumb/v6-m/nofp/libg.a(libc_a-lock.o)
 .ARM.attributes
                0x0000078a       0x2c /usr/lib/gcc/arm-none-eabi/14.2.0/../../../../arm-none-eabi/lib/thumb/v6-m/nofp/libg.a(libc_a-strlen-stub.o)
 .ARM.attributes
                0x000007b6       0x2c /usr/lib/gcc/arm-none-eabi/14.2.0/../../../../arm-none-eabi/lib/thumb/v6-m/nofp/libg.a(libc_a-__atexit.o)
 .ARM.attributes
                0x000007e2       0x2c /usr/lib/gcc/arm-none-eabi/14.2.0/../../../../arm-none-eabi/lib/thumb/v6-m/nofp/libg.a(libc_a-__call_atexit.o)

.comment        0x00000000       0x1e
 .comment       0x00000000       0x1e CMakeFiles/harmonizer.dir/main.cpp.o
                                 0x1f (size before relaxing)
 .comment       0x0000001e       0x1f CMakeFiles/harmonizer.dir/_deps/pico_sdk-src/src/rp2_common/hardware_gpio/gpio.c.o
 .comment       0x0000001e       0x1f CMakeFiles/harmonizer.dir/_deps/pico_sdk-src/src/rp2_common/pico_platform_panic/panic.c.o
 .comment       0x0000001e       0x1f CMakeFiles/harmonizer.dir/_deps/pico_sdk-src/src/common/hardware_claim/claim.c.o
 .comment       0x0000001e       0x1f CMakeFiles/harmonizer.dir/_deps/pico_sdk-src/src/rp2_common/hardware_sync/sync.c.o
 .comment       0x0000001e       0x1f CMakeFiles/harmonizer.dir/_deps/pico_sdk-src/src/rp2_common/hardware_sync_spin_lock/sync_spin_lock.c.o
 .comment       0x0000001e       0x1f CMakeFiles/harmonizer.dir/_deps/pico_sdk-src/src/rp2_common/hardware_irq/irq.c.o
 .comment       0x0000001e       0x1f CMakeFiles/harmonizer.dir/_deps/pico_sdk-src/src/common/pico_sync/lock_core.c.o
 .comment       0x0000001e       0x1f CMakeFiles/harmonizer.dir/_deps/pico_sdk-src/src/common/pico_sync/mutex.c.o
 .comment       0x0000001e       0x1f CMakeFiles/harmonizer.dir/_deps/pico_sdk-src/src/common/pico_time/time.c.o
 .comment       0x0000001e       0x1f CMakeFiles/harmonizer.dir/_deps/pico_sdk-src/src/rp2_common/hardware_timer/timer.c.o
 .comment       0x0000001e       0x1f CMakeFiles/harmonizer.dir/_deps/pico_sdk-src/src/rp2_common/hardware_clocks/clocks.c.o
 .comment       0x0000001e       0x1f CMakeFiles/harmonizer.dir/_deps/pico_sdk-src/src/rp2_common/hardware_pll/pll.c.o
 .comment       0x0000001e       0x1f CMakeFiles/harmonizer.dir/_deps/pico_sdk-src/src/rp2_common/hardware_ticks/ticks.c.o
 .comment       0x0000001e       0x1f CMakeFiles/harmonizer.dir/_deps/pico_sdk-src/src/rp2_common/pico_bootrom/bootrom.c.o
 .comment       0x0000001e       0x1f CMakeFiles/harmonizer.dir/_deps/pico_sdk-src/src/rp2_common/hardware_xosc/xosc.c.o
 .comment       0x0000001e       0x1f CMakeFiles/harmonizer.dir/_deps/pico_sdk-src/src/rp2_common/pico_runtime/runtime.c.o
 .comment       0x0000001e       0x1f CMakeFiles/harmonizer.dir/_deps/pico_sdk-src/src/rp2_common/pico_runtime_init/runtime_init.c.o
 .comment       0x0000001e       0x1f CMakeFiles/harmonizer.dir/_deps/pico_sdk-src/src/rp2_common/pico_runtime_init/runtime_init_clocks.c.o
 .comment       0x0000001e       0x1f CMakeFiles/harmonizer.dir/_deps/pico_sdk-src/src/rp2_common/pico_double/double_init_rom_rp2040.c.o
 .comment       0x0000001e       0x1f CMakeFiles/harmonizer.dir/_deps/pico_sdk-src/src/rp2_common/pico_float/float_init_rom_rp2040.c.o
 .comment       0x0000001e       0x1f CMakeFiles/harmonizer.dir/_deps/pico_sdk-src/src/rp2_common/pico_malloc/malloc.c.o
 .comment       0x0000001e       0x1f CMakeFiles/harmonizer.dir/_deps/pico_sdk-src/src/rp2_common/pico_standard_binary_info/standard_binary_info.c.o
 .comment       0x0000001e       0x1f CMakeFiles/harmonizer.dir/_deps/pico_sdk-src/src/rp2_common/pico_printf/printf.c.o
 .comment       0x0000001e       0x1f CMakeFiles/harmonizer.dir/_deps/pico_sdk-src/src/rp2_common/pico_clib_interface/newlib_interface.c.o
 .comment       0x0000001e       0x1f CMakeFiles/harmonizer.dir/_deps/pico_sdk-src/src/rp2_common/pico_stdio/stdio.c.o
 .comment       0x0000001e       0x1f CMakeFiles/harmonizer.dir/_deps/pico_sdk-src/src/rp2_common/pico_unique_id/unique_id.c.o
 .comment       0x0000001e       0x1f CMakeFiles/harmonizer.dir/_deps/pico_sdk-src/src/rp2_common/hardware_flash/flash.c.o
 .comment       0x0000001e       0x1f CMakeFiles/harmonizer.dir/_deps/pico_sdk-src/src/rp2_common/hardware_adc/adc.c.o
 .comment       0x0000001e       0x1f CMakeFiles/harmonizer.dir/_deps/pico_sdk-src/src/rp2_common/hardware_dma/dma.c.o
 .comment       0x0000001e       0x1f CMakeFiles/harmonizer.dir/_deps/pico_sdk-src/src/rp2_common/hardware_spi/spi.c.o
 .comment       0x0000001e       0x1f CMakeFiles/harmonizer.dir/_deps/pico_sdk-src/src/rp2_common/hardware_i2c/i2c.c.o
 .comment       0x0000001e       0x1f CMakeFiles/harmonizer.dir/_deps/pico_sdk-src/src/rp2_common/pico_multicore/multicore.c.o
 .comment       0x0000001e       0x1f /usr/lib/gcc/arm-none-eabi/14.2.0/../../../../arm-none-eabi/lib/thumb/v6-m/nofp/libg.a(libc_a-atexit.o)
 .comment       0x0000001e       0x1f /usr/lib/gcc/arm-none-eabi/14.2.0/../../../../arm-none-eabi/lib/thumb/v6-m/nofp/libg.a(libc_a-fini.o)
 .comment       0x0000001e       0x1f /usr/lib/gcc/arm-none-eabi/14.2.0/../../../../arm-none-eabi/lib/thumb/v6-m/nofp/libg.a(libc_a-lock.o)
 .comment       0x0000001e       0x1f /usr/lib/gcc/arm-none-eabi/14.2.0/../../../../arm-none-eabi/lib/thumb/v6-m/nofp/libg.a(libc_a-strlen-stub.o)
 .comment       0x0000001e       0x1f /usr/lib/gcc/arm-none-eabi/14.2.0/../../../../arm-none-eabi/lib/thumb/v6-m/nofp/libg.a(libc_a-__atexit.o)
 .comment       0x0000001e       0x1f /usr/lib/gcc/arm-none-eabi/14.2.0/../../../../arm-none-eabi/lib/thumb/v6-m/nofp/libg.a(libc_a-__call_atexit.o)

.debug_info     0x00000000    0x25ef4
 .debug_info    0x00000000     0x7494 CMakeFiles/harmonizer.dir/main.cpp.o
 .debug_info    0x00007494     0x217e CMakeFiles/harmonizer.dir/_deps/pico_sdk-src/src/rp2_common/hardware_gpio/gpio.c.o
 .debug_info    0x00009612      0x1bf CMakeFiles/harmonizer.dir/_deps/pico_sdk-src/src/rp2_common/pico_platform_panic/panic.c.o
 .debug_info    0x000097d1      0x9de CMakeFiles/harmonizer.dir/_deps/pico_sdk-src/src/common/hardware_claim/claim.c.o
 .debug_info    0x0000a1af      0x45f CMakeFiles/harmonizer.dir/_deps/pico_sdk-src/src/rp2_common/hardware_sync/sync.c.o
 .debug_info    0x0000a60e      0x23b CMakeFiles/harmonizer.dir/_deps/pico_sdk-src/src/rp2_common/hardware_sync_spin_lock/sync_spin_lock.c.o
 .debug_info    0x0000a849     0x2245 CMakeFiles/harmonizer.dir/_deps/pico_sdk-src/src/rp2_common/hardware_irq/irq.c.o
 .debug_info    0x0000ca8e      0x15f CMakeFiles/harmonizer.dir/_deps/pico_sdk-src/src/common/pico_sync/lock_core.c.o
 .debug_info    0x0000cbed     0x1d98 CMakeFiles/harmonizer.dir/_deps/pico_sdk-src/src/common/pico_sync/mutex.c.o
 .debug_info    0x0000e985     0x3792 CMakeFiles/harmonizer.dir/_deps/pico_sdk-src/src/common/pico_time/time.c.o
 .debug_info    0x00012117     0x262e CMakeFiles/harmonizer.dir/_deps/pico_sdk-src/src/rp2_common/hardware_timer/timer.c.o
 .debug_info    0x00014745     0x1df0 CMakeFiles/harmonizer.dir/_deps/pico_sdk-src/src/rp2_common/hardware_clocks/clocks.c.o
 .debug_info    0x00016535      0x4e4 CMakeFiles/harmonizer.dir/_deps/pico_sdk-src/src/rp2_common/hardware_pll/pll.c.o
 .debug_info    0x00016a19      0x254 CMakeFiles/harmonizer.dir/_deps/pico_sdk-src/src/rp2_common/hardware_ticks/ticks.c.o
 .debug_info    0x00016c6d      0x67b CMakeFiles/harmonizer.dir/_deps/pico_sdk-src/src/rp2_common/pico_bootrom/bootrom.c.o
 .debug_info    0x000172e8      0x1cc CMakeFiles/harmonizer.dir/_deps/pico_sdk-src/src/rp2_common/hardware_xosc/xosc.c.o
 .debug_info    0x000174b4      0x242 CMakeFiles/harmonizer.dir/_deps/pico_sdk-src/src/rp2_common/pico_runtime/runtime.c.o
 .debug_info    0x000176f6      0x7dc CMakeFiles/harmonizer.dir/_deps/pico_sdk-src/src/rp2_common/pico_runtime_init/runtime_init.c.o
 .debug_info    0x00017ed2      0x77e CMakeFiles/harmonizer.dir/_deps/pico_sdk-src/src/rp2_common/pico_runtime_init/runtime_init_clocks.c.o
 .debug_info    0x00018650       0x23 CMakeFiles/harmonizer.dir/_deps/pico_sdk-src/src/rp2_common/pico_bit_ops/bit_ops_aeabi.S.o
 .debug_info    0x00018673       0x23 CMakeFiles/harmonizer.dir/_deps/pico_sdk-src/src/rp2_common/pico_divider/divider_hardware.S.o
 .debug_info    0x00018696       0x23 CMakeFiles/harmonizer.dir/_deps/pico_sdk-src/src/rp2_common/pico_double/double_aeabi_rp2040.S.o
 .debug_info    0x000186b9      0x27e CMakeFiles/harmonizer.dir/_deps/pico_sdk-src/src/rp2_common/pico_double/double_init_rom_rp2040.c.o
 .debug_info    0x00018937       0x23 CMakeFiles/harmonizer.dir/_deps/pico_sdk-src/src/rp2_common/pico_double/double_v1_rom_shim_rp2040.S.o
 .debug_info    0x0001895a       0x24 CMakeFiles/harmonizer.dir/_deps/pico_sdk-src/src/rp2_common/pico_int64_ops/pico_int64_ops_aeabi.S.o
 .debug_info    0x0001897e       0x23 CMakeFiles/harmonizer.dir/_deps/pico_sdk-src/src/rp2_common/pico_float/float_aeabi_rp2040.S.o
 .debug_info    0x000189a1      0x27e CMakeFiles/harmonizer.dir/_deps/pico_sdk-src/src/rp2_common/pico_float/float_init_rom_rp2040.c.o
 .debug_info    0x00018c1f       0x23 CMakeFiles/harmonizer.dir/_deps/pico_sdk-src/src/rp2_common/pico_float/float_v1_rom_shim_rp2040.S.o
 .debug_info    0x00018c42      0x63d CMakeFiles/harmonizer.dir/_deps/pico_sdk-src/src/rp2_common/pico_malloc/malloc.c.o
 .debug_info    0x0001927f       0x23 CMakeFiles/harmonizer.dir/_deps/pico_sdk-src/src/rp2_common/pico_mem_ops/mem_ops_aeabi.S.o
 .debug_info    0x000192a2      0x2b8 CMakeFiles/harmonizer.dir/_deps/pico_sdk-src/src/rp2_common/pico_standard_binary_info/standard_binary_info.c.o
 .debug_info    0x0001955a     0x2ad2 CMakeFiles/harmonizer.dir/_deps/pico_sdk-src/src/rp2_common/pico_printf/printf.c.o
 .debug_info    0x0001c02c       0x23 CMakeFiles/harmonizer.dir/_deps/pico_sdk-src/src/rp2_common/pico_crt0/crt0.S.o
 .debug_info    0x0001c04f      0xbd2 CMakeFiles/harmonizer.dir/_deps/pico_sdk-src/src/rp2_common/pico_clib_interface/newlib_interface.c.o
 .debug_info    0x0001cc21     0x17d5 CMakeFiles/harmonizer.dir/_deps/pico_sdk-src/src/rp2_common/pico_stdio/stdio.c.o
 .debug_info    0x0001e3f6      0x201 CMakeFiles/harmonizer.dir/_deps/pico_sdk-src/src/rp2_common/pico_unique_id/unique_id.c.o
 .debug_info    0x0001e5f7     0x1705 CMakeFiles/harmonizer.dir/_deps/pico_sdk-src/src/rp2_common/hardware_flash/flash.c.o
 .debug_info    0x0001fcfc      0x3f8 CMakeFiles/harmonizer.dir/_deps/pico_sdk-src/src/rp2_common/hardware_adc/adc.c.o
 .debug_info    0x000200f4      0xa2c CMakeFiles/harmonizer.dir/_deps/pico_sdk-src/src/rp2_common/hardware_dma/dma.c.o
 .debug_info    0x00020b20     0x117b CMakeFiles/harmonizer.dir/_deps/pico_sdk-src/src/rp2_common/hardware_spi/spi.c.o
 .debug_info    0x00021c9b     0x19fb CMakeFiles/harmonizer.dir/_deps/pico_sdk-src/src/rp2_common/hardware_i2c/i2c.c.o
 .debug_info    0x00023696     0x1dce CMakeFiles/harmonizer.dir/_deps/pico_sdk-src/src/rp2_common/pico_multicore/multicore.c.o
 .debug_info    0x00025464       0x3c /usr/lib/gcc/arm-none-eabi/14.2.0/thumb/v6-m/nofp/libgcc.a(_dvmd_tls.o)
 .debug_info    0x000254a0      0x11e /usr/lib/gcc/arm-none-eabi/14.2.0/../../../../arm-none-eabi/lib/thumb/v6-m/nofp/libg.a(libc_a-atexit.o)
 .debug_info    0x000255be       0xf7 /usr/lib/gcc/arm-none-eabi/14.2.0/../../../../arm-none-eabi/lib/thumb/v6-m/nofp/libg.a(libc_a-fini.o)
 .debug_info    0x000256b5      0x218 /usr/lib/gcc/arm-none-eabi/14.2.0/../../../../arm-none-eabi/lib/thumb/v6-m/nofp/libg.a(libc_a-lock.o)
 .debug_info    0x000258cd       0xeb /usr/lib/gcc/arm-none-eabi/14.2.0/../../../../arm-none-eabi/lib/thumb/v6-m/nofp/libg.a(libc_a-strlen-stub.o)
 .debug_info    0x000259b8      0x25f /usr/lib/gcc/arm-none-eabi/14.2.0/../../../../arm-none-eabi/lib/thumb/v6-m/nofp/libg.a(libc_a-__atexit.o)
 .debug_info    0x00025c17      0x2dd /usr/lib/gcc/arm-none-eabi/14.2.0/../../../../arm-none-eabi/lib/thumb/v6-m/nofp/libg.a(libc_a-__call_atexit.o)

.debug_abbrev   0x00000000     0x6fdf
 .debug_abbrev  0x00000000      0x88d CMakeFiles/harmonizer.dir/main.cpp.o
 .debug_abbrev  0x0000088d      0x4dc CMakeFiles/harmonizer.dir/_deps/pico_sdk-src/src/rp2_common/hardware_gpio/gpio.c.o
 .debug_abbrev  0x00000d69      0x12b CMakeFiles/harmonizer.dir/_deps/pico_sdk-src/src/rp2_common/pico_platform_panic/panic.c.o
 .debug_abbrev  0x00000e94      0x327 CMakeFiles/harmonizer.dir/_deps/pico_sdk-src/src/common/hardware_claim/claim.c.o
 .debug_abbrev  0x000011bb      0x20f CMakeFiles/harmonizer.dir/_deps/pico_sdk-src/src/rp2_common/hardware_sync/sync.c.o
 .debug_abbrev  0x000013ca      0x1c8 CMakeFiles/harmonizer.dir/_deps/pico_sdk-src/src/rp2_common/hardware_sync_spin_lock/sync_spin_lock.c.o
 .debug_abbrev  0x00001592      0x602 CMakeFiles/harmonizer.dir/_deps/pico_sdk-src/src/rp2_common/hardware_irq/irq.c.o
 .debug_abbrev  0x00001b94       0xee CMakeFiles/harmonizer.dir/_deps/pico_sdk-src/src/common/pico_sync/lock_core.c.o
 .debug_abbrev  0x00001c82      0x433 CMakeFiles/harmonizer.dir/_deps/pico_sdk-src/src/common/pico_sync/mutex.c.o
 .debug_abbrev  0x000020b5      0x667 CMakeFiles/harmonizer.dir/_deps/pico_sdk-src/src/common/pico_time/time.c.o
 .debug_abbrev  0x0000271c      0x501 CMakeFiles/harmonizer.dir/_deps/pico_sdk-src/src/rp2_common/hardware_timer/timer.c.o
 .debug_abbrev  0x00002c1d      0x514 CMakeFiles/harmonizer.dir/_deps/pico_sdk-src/src/rp2_common/hardware_clocks/clocks.c.o
 .debug_abbrev  0x00003131      0x1d4 CMakeFiles/harmonizer.dir/_deps/pico_sdk-src/src/rp2_common/hardware_pll/pll.c.o
 .debug_abbrev  0x00003305      0x145 CMakeFiles/harmonizer.dir/_deps/pico_sdk-src/src/rp2_common/hardware_ticks/ticks.c.o
 .debug_abbrev  0x0000344a      0x1c6 CMakeFiles/harmonizer.dir/_deps/pico_sdk-src/src/rp2_common/pico_bootrom/bootrom.c.o
 .debug_abbrev  0x00003610      0x11b CMakeFiles/harmonizer.dir/_deps/pico_sdk-src/src/rp2_common/hardware_xosc/xosc.c.o
 .debug_abbrev  0x0000372b      0x181 CMakeFiles/harmonizer.dir/_deps/pico_sdk-src/src/rp2_common/pico_runtime/runtime.c.o
 .debug_abbrev  0x000038ac      0x269 CMakeFiles/harmonizer.dir/_deps/pico_sdk-src/src/rp2_common/pico_runtime_init/runtime_init.c.o
 .debug_abbrev  0x00003b15      0x2c5 CMakeFiles/harmonizer.dir/_deps/pico_sdk-src/src/rp2_common/pico_runtime_init/runtime_init_clocks.c.o
 .debug_abbrev  0x00003dda       0x12 CMakeFiles/harmonizer.dir/_deps/pico_sdk-src/src/rp2_common/pico_bit_ops/bit_ops_aeabi.S.o
 .debug_abbrev  0x00003dec       0x12 CMakeFiles/harmonizer.dir/_deps/pico_sdk-src/src/rp2_common/pico_divider/divider_hardware.S.o
 .debug_abbrev  0x00003dfe       0x12 CMakeFiles/harmonizer.dir/_deps/pico_sdk-src/src/rp2_common/pico_double/double_aeabi_rp2040.S.o
 .debug_abbrev  0x00003e10      0x17a CMakeFiles/harmonizer.dir/_deps/pico_sdk-src/src/rp2_common/pico_double/double_init_rom_rp2040.c.o
 .debug_abbrev  0x00003f8a       0x12 CMakeFiles/harmonizer.dir/_deps/pico_sdk-src/src/rp2_common/pico_double/double_v1_rom_shim_rp2040.S.o
 .debug_abbrev  0x00003f9c       0x14 CMakeFiles/harmonizer.dir/_deps/pico_sdk-src/src/rp2_common/pico_int64_ops/pico_int64_ops_aeabi.S.o
 .debug_abbrev  0x00003fb0       0x12 CMakeFiles/harmonizer.dir/_deps/pico_sdk-src/src/rp2_common/pico_float/float_aeabi_rp2040.S.o
 .debug_abbrev  0x00003fc2      0x173 CMakeFiles/harmonizer.dir/_deps/pico_sdk-src/src/rp2_common/pico_float/float_init_rom_rp2040.c.o
 .debug_abbrev  0x00004135       0x12 CMakeFiles/harmonizer.dir/_deps/pico_sdk-src/src/rp2_common/pico_float/float_v1_rom_shim_rp2040.S.o
 .debug_abbrev  0x00004147      0x211 CMakeFiles/harmonizer.dir/_deps/pico_sdk-src/src/rp2_common/pico_malloc/malloc.c.o
 .debug_abbrev  0x00004358       0x12 CMakeFiles/harmonizer.dir/_deps/pico_sdk-src/src/rp2_common/pico_mem_ops/mem_ops_aeabi.S.o
 .debug_abbrev  0x0000436a       0xb8 CMakeFiles/harmonizer.dir/_deps/pico_sdk-src/src/rp2_common/pico_standard_binary_info/standard_binary_info.c.o
 .debug_abbrev  0x00004422      0x4c3 CMakeFiles/harmonizer.dir/_deps/pico_sdk-src/src/rp2_common/pico_printf/printf.c.o
 .debug_abbrev  0x000048e5       0x12 CMakeFiles/harmonizer.dir/_deps/pico_sdk-src/src/rp2_common/pico_crt0/crt0.S.o
 .debug_abbrev  0x000048f7      0x365 CMakeFiles/harmonizer.dir/_deps/pico_sdk-src/src/rp2_common/pico_clib_interface/newlib_interface.c.o
 .debug_abbrev  0x00004c5c      0x5c3 CMakeFiles/harmonizer.dir/_deps/pico_sdk-src/src/rp2_common/pico_stdio/stdio.c.o
 .debug_abbrev  0x0000521f      0x153 CMakeFiles/harmonizer.dir/_deps/pico_sdk-src/src/rp2_common/pico_unique_id/unique_id.c.o
 .debug_abbrev  0x00005372      0x3c4 CMakeFiles/harmonizer.dir/_deps/pico_sdk-src/src/rp2_common/hardware_flash/flash.c.o
 .debug_abbrev  0x00005736      0x141 CMakeFiles/harmonizer.dir/_deps/pico_sdk-src/src/rp2_common/hardware_adc/adc.c.o
 .debug_abbrev  0x00005877      0x2fb CMakeFiles/harmonizer.dir/_deps/pico_sdk-src/src/rp2_common/hardware_dma/dma.c.o
 .debug_abbrev  0x00005b72      0x314 CMakeFiles/harmonizer.dir/_deps/pico_sdk-src/src/rp2_common/hardware_spi/spi.c.o
 .debug_abbrev  0x00005e86      0x47d CMakeFiles/harmonizer.dir/_deps/pico_sdk-src/src/rp2_common/hardware_i2c/i2c.c.o
 .debug_abbrev  0x00006303      0x601 CMakeFiles/harmonizer.dir/_deps/pico_sdk-src/src/rp2_common/pico_multicore/multicore.c.o
 .debug_abbrev  0x00006904       0x26 /usr/lib/gcc/arm-none-eabi/14.2.0/thumb/v6-m/nofp/libgcc.a(_dvmd_tls.o)
 .debug_abbrev  0x0000692a       0xbe /usr/lib/gcc/arm-none-eabi/14.2.0/../../../../arm-none-eabi/lib/thumb/v6-m/nofp/libg.a(libc_a-atexit.o)
 .debug_abbrev  0x000069e8       0xc9 /usr/lib/gcc/arm-none-eabi/14.2.0/../../../../arm-none-eabi/lib/thumb/v6-m/nofp/libg.a(libc_a-fini.o)
 .debug_abbrev  0x00006ab1      0x115 /usr/lib/gcc/arm-none-eabi/14.2.0/../../../../arm-none-eabi/lib/thumb/v6-m/nofp/libg.a(libc_a-lock.o)
 .debug_abbrev  0x00006bc6       0x90 /usr/lib/gcc/arm-none-eabi/14.2.0/../../../../arm-none-eabi/lib/thumb/v6-m/nofp/libg.a(libc_a-strlen-stub.o)
 .debug_abbrev  0x00006c56      0x189 /usr/lib/gcc/arm-none-eabi/14.2.0/../../../../arm-none-eabi/lib/thumb/v6-m/nofp/libg.a(libc_a-__atexit.o)
 .debug_abbrev  0x00006ddf      0x200 /usr/lib/gcc/arm-none-eabi/14.2.0/../../../../arm-none-eabi/lib/thumb/v6-m/nofp/libg.a(libc_a-__call_atexit.o)

.debug_loclists
                0x00000000    0x14efb
 .debug_loclists
                0x00000000     0x367a CMakeFiles/harmonizer.dir/main.cpp.o
 .debug_loclists
                0x0000367a     0x1813 CMakeFiles/harmonizer.dir/_deps/pico_sdk-src/src/rp2_common/hardware_gpio/gpio.c.o
 .debug_loclists
                0x00004e8d      0x584 CMakeFiles/harmonizer.dir/_deps/pico_sdk-src/src/common/hardware_claim/claim.c.o
 .debug_loclists
                0x00005411      0x111 CMakeFiles/harmonizer.dir/_deps/pico_sdk-src/src/rp2_common/hardware_sync/sync.c.o
 .debug_loclists
                0x00005522       0x72 CMakeFiles/harmonizer.dir/_deps/pico_sdk-src/src/rp2_common/hardware_sync_spin_lock/sync_spin_lock.c.o
 .debug_loclists
                0x00005594     0x127f CMakeFiles/harmonizer.dir/_deps/pico_sdk-src/src/rp2_common/hardware_irq/irq.c.o
 .debug_loclists
                0x00006813       0x41 CMakeFiles/harmonizer.dir/_deps/pico_sdk-src/src/common/pico_sync/lock_core.c.o
 .debug_loclists
                0x00006854      0xb4a CMakeFiles/harmonizer.dir/_deps/pico_sdk-src/src/common/pico_sync/mutex.c.o
 .debug_loclists
                0x0000739e     0x1829 CMakeFiles/harmonizer.dir/_deps/pico_sdk-src/src/common/pico_time/time.c.o
 .debug_loclists
                0x00008bc7     0x16e6 CMakeFiles/harmonizer.dir/_deps/pico_sdk-src/src/rp2_common/hardware_timer/timer.c.o
 .debug_loclists
                0x0000a2ad     0x1a31 CMakeFiles/harmonizer.dir/_deps/pico_sdk-src/src/rp2_common/hardware_clocks/clocks.c.o
 .debug_loclists
                0x0000bcde      0x219 CMakeFiles/harmonizer.dir/_deps/pico_sdk-src/src/rp2_common/hardware_pll/pll.c.o
 .debug_loclists
                0x0000bef7       0x81 CMakeFiles/harmonizer.dir/_deps/pico_sdk-src/src/rp2_common/hardware_ticks/ticks.c.o
 .debug_loclists
                0x0000bf78      0x540 CMakeFiles/harmonizer.dir/_deps/pico_sdk-src/src/rp2_common/pico_bootrom/bootrom.c.o
 .debug_loclists
                0x0000c4b8       0x40 CMakeFiles/harmonizer.dir/_deps/pico_sdk-src/src/rp2_common/hardware_xosc/xosc.c.o
 .debug_loclists
                0x0000c4f8      0x236 CMakeFiles/harmonizer.dir/_deps/pico_sdk-src/src/rp2_common/pico_runtime/runtime.c.o
 .debug_loclists
                0x0000c72e      0x1b8 CMakeFiles/harmonizer.dir/_deps/pico_sdk-src/src/rp2_common/pico_runtime_init/runtime_init.c.o
 .debug_loclists
                0x0000c8e6       0x74 CMakeFiles/harmonizer.dir/_deps/pico_sdk-src/src/rp2_common/pico_runtime_init/runtime_init_clocks.c.o
 .debug_loclists
                0x0000c95a       0x3b CMakeFiles/harmonizer.dir/_deps/pico_sdk-src/src/rp2_common/pico_double/double_init_rom_rp2040.c.o
 .debug_loclists
                0x0000c995       0xa9 CMakeFiles/harmonizer.dir/_deps/pico_sdk-src/src/rp2_common/pico_float/float_init_rom_rp2040.c.o
 .debug_loclists
                0x0000ca3e      0x27b CMakeFiles/harmonizer.dir/_deps/pico_sdk-src/src/rp2_common/pico_malloc/malloc.c.o
 .debug_loclists
                0x0000ccb9     0x35b2 CMakeFiles/harmonizer.dir/_deps/pico_sdk-src/src/rp2_common/pico_printf/printf.c.o
 .debug_loclists
                0x0001026b      0x4c5 CMakeFiles/harmonizer.dir/_deps/pico_sdk-src/src/rp2_common/pico_clib_interface/newlib_interface.c.o
 .debug_loclists
                0x00010730      0xadf CMakeFiles/harmonizer.dir/_deps/pico_sdk-src/src/rp2_common/pico_stdio/stdio.c.o
 .debug_loclists
                0x0001120f      0x527 CMakeFiles/harmonizer.dir/_deps/pico_sdk-src/src/rp2_common/pico_unique_id/unique_id.c.o
 .debug_loclists
                0x00011736      0xb3e CMakeFiles/harmonizer.dir/_deps/pico_sdk-src/src/rp2_common/hardware_flash/flash.c.o
 .debug_loclists
                0x00012274       0x98 CMakeFiles/harmonizer.dir/_deps/pico_sdk-src/src/rp2_common/hardware_adc/adc.c.o
 .debug_loclists
                0x0001230c      0x30a CMakeFiles/harmonizer.dir/_deps/pico_sdk-src/src/rp2_common/hardware_dma/dma.c.o
 .debug_loclists
                0x00012616      0xaf0 CMakeFiles/harmonizer.dir/_deps/pico_sdk-src/src/rp2_common/hardware_spi/spi.c.o
 .debug_loclists
                0x00013106     0x102f CMakeFiles/harmonizer.dir/_deps/pico_sdk-src/src/rp2_common/hardware_i2c/i2c.c.o
 .debug_loclists
                0x00014135      0xa5d CMakeFiles/harmonizer.dir/_deps/pico_sdk-src/src/rp2_common/pico_multicore/multicore.c.o
 .debug_loclists
                0x00014b92       0x30 /usr/lib/gcc/arm-none-eabi/14.2.0/../../../../arm-none-eabi/lib/thumb/v6-m/nofp/libg.a(libc_a-atexit.o)
 .debug_loclists
                0x00014bc2       0x34 /usr/lib/gcc/arm-none-eabi/14.2.0/../../../../arm-none-eabi/lib/thumb/v6-m/nofp/libg.a(libc_a-fini.o)
 .debug_loclists
                0x00014bf6       0x29 /usr/lib/gcc/arm-none-eabi/14.2.0/../../../../arm-none-eabi/lib/thumb/v6-m/nofp/libg.a(libc_a-lock.o)
 .debug_loclists
                0x00014c1f       0x64 /usr/lib/gcc/arm-none-eabi/14.2.0/../../../../arm-none-eabi/lib/thumb/v6-m/nofp/libg.a(libc_a-strlen-stub.o)
 .debug_loclists
                0x00014c83      0x122 /usr/lib/gcc/arm-none-eabi/14.2.0/../../../../arm-none-eabi/lib/thumb/v6-m/nofp/libg.a(libc_a-__atexit.o)
 .debug_loclists
                0x00014da5      0x156 /usr/lib/gcc/arm-none-eabi/14.2.0/../../../../arm-none-eabi/lib/thumb/v6-m/nofp/libg.a(libc_a-__call_atexit.o)

.debug_aranges  0x00000000     0x1348
 .debug_aranges
                0x00000000       0xa8 CMakeFiles/harmonizer.dir/main.cpp.o
 .debug_aranges
                0x000000a8      0x118 CMakeFiles/harmonizer.dir/_deps/pico_sdk-src/src/rp2_common/hardware_gpio/gpio.c.o
 .debug_aranges
                0x000001c0       0x28 CMakeFiles/harmonizer.dir/_deps/pico_sdk-src/src/rp2_common/pico_platform_panic/panic.c.o
 .debug_aranges
                0x000001e8       0x48 CMakeFiles/harmonizer.dir/_deps/pico_sdk-src/src/common/hardware_claim/claim.c.o
 .debug_aranges
                0x00000230       0x48 CMakeFiles/harmonizer.dir/_deps/pico_sdk-src/src/rp2_common/hardware_sync/sync.c.o
 .debug_aranges
                0x00000278       0x28 CMakeFiles/harmonizer.dir/_deps/pico_sdk-src/src/rp2_common/hardware_sync_spin_lock/sync_spin_lock.c.o
 .debug_aranges
                0x000002a0       0xb8 CMakeFiles/harmonizer.dir/_deps/pico_sdk-src/src/rp2_common/hardware_irq/irq.c.o
 .debug_aranges
                0x00000358       0x20 CMakeFiles/harmonizer.dir/_deps/pico_sdk-src/src/common/pico_sync/lock_core.c.o
 .debug_aranges
                0x00000378       0x98 CMakeFiles/harmonizer.dir/_deps/pico_sdk-src/src/common/pico_sync/mutex.c.o
 .debug_aranges
                0x00000410       0xe8 CMakeFiles/harmonizer.dir/_deps/pico_sdk-src/src/common/pico_time/time.c.o
 .debug_aranges
                0x000004f8       0xf0 CMakeFiles/harmonizer.dir/_deps/pico_sdk-src/src/rp2_common/hardware_timer/timer.c.o
 .debug_aranges
                0x000005e8       0x98 CMakeFiles/harmonizer.dir/_deps/pico_sdk-src/src/rp2_common/hardware_clocks/clocks.c.o
 .debug_aranges
                0x00000680       0x28 CMakeFiles/harmonizer.dir/_deps/pico_sdk-src/src/rp2_common/hardware_pll/pll.c.o
 .debug_aranges